[www.bankofamerica.com/index.html]
[backblue.gif]
[fade.gif]
[index.html]
[www.bankofamerica.com/mobile/banking.html]
[www.bankofamerica.com/homepage/overviewe6f6.html]
[www2.bac-assets.com/pa/components/bundles/gzip-compressed/xengine/Global/1.0/style/global-customer-jawr.css]
[www2.bac-assets.com/pa/components/bundles/gzip-compressed/xengine/PBI-HOMEPAGE/2017.03.0/style/pbi-hp-jawr.css]
[www2.bac-assets.com/pa/components/bundles/gzip-compressed/xengine/Global/1.0/script/global-customer-jawr.js]
[www2.bac-assets.com/content/images/ContextualSiteGraphics/Logos/en_US/new-bac-logo.gif]
[www.bankofamerica.com/smallbusiness/index.html]
[www.bankofamerica.com/homepage/language-not-available9e45.html]
[www.bankofamerica.com/help/state-select.html]
[www.bankofamerica.com/onlinebanking/online-banking-security-faqs.html]
[www.bankofamerica.com/homepage/overview1dbf.html]
[secure.bankofamerica.com/pa/global-assets/1.0/graphic/clr.gif]
[www.bankofamerica.com/privacy/online-mobile-banking-privacy/online-banking-security.html]
[www.bankofamerica.com/privacy/online-privacy-notice.html]
[www.bankofamerica.com/student-banking/overview.html]
[www.bankofamerica.com/deposits/checking/checking-accounts/index.html]
[www.bankofamerica.com/deposits/savings/savings-accounts/index.html]
[www.bankofamerica.com/onlinebanking/online-banking.html]
[www.bankofamerica.com/online-banking/mobile.html]
[www.bankofamerica.com/sitemap/state-select.html]
[www.bankofamerica.com/deposits/bank-cds/cd-accounts/index.html]
[www.bankofamerica.com/smallbusiness/deposits/checking-accounts/index.html]
[www.bankofamerica.com/online-banking/mobile-and-online-banking-features/index.html]
[www.bankofamerica.com/smallbusiness/business-financing.html]
[www.bankofamerica.com/privacy/overview.html]
[www.bankofamerica.com/credit-cards/index.html]
[www.bankofamerica.com/credit-cards/cash-back-credit-cards/index6936.html]
[www.bankofamerica.com/credit-cards/travel-credit-cards/index6936.html]
[www.bankofamerica.com/credit-cards/low-interest-credit-cards/index6936.html]
[www.bankofamerica.com/credit-cards/credit-cards-to-build-credit/index6936.html]
[www.bankofamerica.com/smallbusiness/credit-cards/index.html]
[www.bankofamerica.com/credit-cards/manage-your-credit-card-account/index.html]
[www.bankofamerica.com/mortgage/home-mortgage/index.html]
[www.bankofamerica.com/mortgage/refinance/index.html]
[www.bankofamerica.com/home-equity/index.html]
[www.bankofamerica.com/auto-loans/index.html]
[www.bankofamerica.com/content/images/ContextualSiteGraphics/Marketing/Heroes/en_US/card8_hm_cr-e_arxjnt89_s.gif]
[www.bankofamerica.com/privacy/faq/online-privacy-faq.html]
[www.bankofamerica.com/content/images/ContextualSiteGraphics/Marketing/Highlights/en_US/aut15_sc_lowrates_ar8trdcn_s.gif]
[www.bankofamerica.com/content/images/ContextualSiteGraphics/Marketing/Highlights/en_US/dep7_sc_bamd5-e_ar3dfcax_s.gif]
[info.bankofamerica.com/auto-loans/index2e80.html]
[promo.bankofamerica.com/onlinepayments1/indexe472.html]
[about.bankofamerica.com/en-us/partnering-locally/service-members-and-veterans309a.html]
[www.bankofamerica.com/content/images/ContextualSiteGraphics/Marketing/Highlights/en_US/sc_mil-teamrubicon_arrx964n.s.gif]
[www.bankofamerica.com/content/images/ContextualSiteGraphics/Marketing/Highlights/en_US/sc_check-balance_arbt4j5k_s.gif]
[promo.bankofamerica.com/mobile-banking/index987a.html]
[www.bankofamerica.com/onlinebanking/online-bank-account.html]
[www.bankofamerica.com/content/images/ContextualSiteGraphics/Marketing/Highlights/en_US/column1April2017.jpg]
[www.bankofamerica.com/content/images/ContextualSiteGraphics/Marketing/Highlights/en_US/column2April2017.png]
[www.bankofamerica.com/content/images/ContextualSiteGraphics/Marketing/Highlights/en_US/column3April2017.jpg]
[www.bankofamerica.com/content/images/ContextualSiteGraphics/Marketing/Highlights/en_US/column4April2017.png]
[www.bankofamerica.com/content/images/ContextualSiteGraphics/Marketing/SplashPages/en_US/BMH_logo.jpg]
[www.bankofamerica.com/online-banking/service-agreement.html]
[www.bankofamerica.com/vanity/bac-interstitial6aa7.html]
[www.bankofamerica.com/accessiblebanking/state-select.html]
[www.bankofamerica.com/privacy/online-mobile-banking-privacy/mcafee-antivirus-free-trial.html]
[www2.bac-assets.com/pa/components/bundles/gzip-compressed/xengine/PBI-HOMEPAGE/2017.03.0/script/pbi-hp-jawr.js]
[www.bankofamerica.com/index.html]
[www2.bac-assets.com/pa/global-mobile-web-dotcom/1.0/graphic/favicon/apple-touch-icon-144x144-precomposed.png]
[www2.bac-assets.com/pa/global-mobile-web-dotcom/1.0/graphic/favicon/apple-touch-icon-114x114-precomposed.png]
[www2.bac-assets.com/pa/global-mobile-web-dotcom/1.0/graphic/favicon/apple-touch-icon-72x72-precomposed.png]
[www2.bac-assets.com/pa/global-mobile-web-dotcom/1.0/graphic/favicon/apple-touch-icon-precomposed.png]
[www2.bac-assets.com/pa/components/bundles/gzip-compressed/xengine/PBI-WEB/2017.03.0/style/global-mw-jawr.css]
[www2.bac-assets.com/pa/components/bundles/gzip-compressed/xengine/PBI-WEB/2017.03.0/style/pbi-web-mw-jawr.css]
[www2.bac-assets.com/pa/components/bundles/gzip-compressed/xengine/PBI-WEB/2017.03.0/script/global-mw-jawr.js]
[www2.bac-assets.com/pa/components/bundles/gzip-compressed/xengine/Global/1.0/script/tealeafbundle.js]
[www.bankofamerica.com/content/images/ContextualSiteGraphics/Instructional/en_US/mobile-web/mw-sprite_2x.20151030.png]
[www.bankofamerica.com/content/images/ContextualSiteGraphics/Instructional/en_US/mobile-web-branded/mw-sprite-raster_20140714@1x.jpg]
[www.bankofamerica.com/content/images/ContextualSiteGraphics/Instructional/en_US/mobile-web/mw-sprite-homepage_1x20150611.jpg]
[www.bankofamerica.com/content/images/ContextualSiteGraphics/Instructional/en_US/mobile-web/mw-sprite_4x.20151030.png]
[www.bankofamerica.com/content/images/ContextualSiteGraphics/Instructional/en_US/mobile-web-branded/mw-sprite-raster_20140714@2x.jpg]
[www.bankofamerica.com/content/images/ContextualSiteGraphics/Instructional/en_US/mobile-web/mw-sprite-homepage_2x20150611.jpg]
[www.bankofamerica.com/mobile/mobile-banking-help.html]
[www.bankofamerica.com/online-banking/mobilee335.html]
[www.bankofamerica.com/homepage/overview8ce2.html]
[www.bankofamerica.com/mobile/site-ad-practices.html]
[www.bankofamerica.com/mobile/banking.html]
[www2.bac-assets.com/pa/components/bundles/gzip-compressed/xengine/PBI-WEB/2017.03.0/script/pbi-web-mw-jawr.js]
[www.bankofamerica.com/homepage/language-not-available4c76.html]
[www.bankofamerica.com/homepage/language-not-available1eeb.html]
[www.bankofamerica.com/homepage/language-not-available719c.html]
[www.bankofamerica.com/homepage/language-not-availabled070.html]
[www.bankofamerica.com/homepage/language-not-available01ae.html]
[www.bankofamerica.com/homepage/language-not-available53cd.html]
[www.bankofamerica.com/homepage/overviewe335.html]
[www.bankofamerica.com/onlinebanking/online-banking-security-faqse6f6.html]
[www.bankofamerica.com/homepage/overviewfff0.html]
[www.bankofamerica.com/homepage/language-not-availableff71.html]
[www.bankofamerica.com/homepage/language-not-available2451.html]
[www.bankofamerica.com/deposits/checking/checking-accounts/es/indexe6f6.html]
[www.bankofamerica.com/onlinebanking/online-bankinge6f6.html]
[www.bankofamerica.com/online-banking/mobilee6f6.html]
[www.bankofamerica.com/deposits/savings/savings-accounts/es/indexe6f6.html]
[www.bankofamerica.com/content/images/ContextualSiteGraphics/Marketing/Heroes/es_US/card8_hm_cr.1-s_ar79jptb_s.gif]
[www.bankofamerica.com/deposits/bank-cds/cd-accounts/es/indexe6f6.html]
[www.bankofamerica.com/credit-cards/es/index.html]
[www.bankofamerica.com/content/images/ContextualSiteGraphics/Marketing/Highlights/es_US/16dep42_sc_save-s_arlhnp5l_s.gif]
[www.bankofamerica.com/credit-cards/cash-back-credit-cards/es/index.html]
[www.bankofamerica.com/credit-cards/travel-credit-cards/es/index.html]
[www.bankofamerica.com/content/images/ContextualSiteGraphics/Marketing/Highlights/es_US/card17_sc_tr20k-e_arq5dd4b_s.gif]
[www.bankofamerica.com/content/images/ContextualSiteGraphics/Marketing/Highlights/es_US/shi_mb-omnibus_ar14291a_s.gif]
[www.bankofamerica.com/content/images/ContextualSiteGraphics/Marketing/Highlights/es_US/spanish-legal-hlt-arnccf4t.gif]
[www.bankofamerica.com/homepage/language-not-availableb64e.html]
[www.bankofamerica.com/credit-cards/low-interest-credit-cards/es/index.html]
[www.bankofamerica.com/homepage/language-not-available9c61.html]
[www.bankofamerica.com/credit-cards/credit-cards-to-build-credit/es/index.html]
[www.bankofamerica.com/credit-cards/manage-your-credit-card-account/es/index.html]
[www.bankofamerica.com/homepage/language-not-availablec56d.html]
[www.bankofamerica.com/onlinebanking/online-bank-accounte6f6.html]
[www.bankofamerica.com/mortgage/home-mortgage/es/index.html]
[www.bankofamerica.com/online-banking/service-agreemente6f6.html]
[www.bankofamerica.com/homepage/language-not-availabled5d6.html]
[www.bankofamerica.com/homepage/language-not-availabled72a.html]
[www.bankofamerica.com/homepage/language-not-available828d.html]
[www.bankofamerica.com/homepage/language-not-available75e4.html]
[www.bankofamerica.com/mortgage/refinance/es/index.html]
[www.bankofamerica.com/homepage/overviewe6f6.html]
[www.bankofamerica.com/home-equity/es/index.html]
[www.bankofamerica.com/deposits/savings/savings-accounts/es/index6840.html]
[www2.bac-assets.com/pa/global-assets/1.0/graphic/1gray-2white-brd.png]
[www2.bac-assets.com/pa/global-assets/1.0/graphic/1blue-2white-brd.png]
[www2.bac-assets.com/pa/global-assets/1.0/graphic/greybullet.gif]
[www2.bac-assets.com/pa/global-assets/1.0/graphic/gray-bullet.png]
[www2.bac-assets.com/pa/global-assets/1.0/graphic/bluebullet.gif]
[www2.bac-assets.com/pa/global-assets/1.0/graphic/gray-square-bullet.png]
[www2.bac-assets.com/pa/global-assets/1.0/graphic/205-module-bground.jpg]
[www2.bac-assets.com/pa/global-assets/1.0/graphic/white-to-gray-gradient.png]
[www2.bac-assets.com/pa/global-assets/1.0/graphic/ajax-loading-image-small.gif]
[www2.bac-assets.com/pa/global-assets/1.0/graphic/ajax-loading-image-med.gif]
[www2.bac-assets.com/pa/global-assets/1.0/graphic/processing.gif]
[www2.bac-assets.com/pa/global-assets/1.0/graphic/processing_es.gif]
[www2.bac-assets.com/pa/global-assets/1.0/graphic/processing-no-text.gif]
[www2.bac-assets.com/pa/global-assets/1.0/graphic/close-button-fsd.png]
[www2.bac-assets.com/content/images/ContextualSiteGraphics/Instructional/en_US/creditcards/ribbon-sprite.png]
[www2.bac-assets.com/pa/global-assets/1.0/graphic/red-ribbon.png]
[www2.bac-assets.com/pa/global-assets/1.0/graphic/olb-ledger-header.png]
[www2.bac-assets.com/pa/global-assets/1.0/graphic/barkers/new-barker-blue.png]
[www2.bac-assets.com/pa/global-assets/1.0/graphic/buttons/arrow-button-sprite.png]
[www2.bac-assets.com/pa/global-assets/1.0/graphic/buttons/gray-button-cap.png]
[www2.bac-assets.com/pa/global-assets/1.0/graphic/buttons/gray-button-main.png]
[www2.bac-assets.com/pa/global-assets/1.0/graphic/buttons/blue-button-cap.png]
[www2.bac-assets.com/pa/global-assets/1.0/graphic/buttons/blue-button-main.png]
[www2.bac-assets.com/pa/global-assets/1.0/graphic/buttons/red-button-cap.png]
[www2.bac-assets.com/pa/global-assets/1.0/graphic/buttons/red-button-main.png]
[www2.bac-assets.com/pa/global-assets/1.0/graphic/buttons/gray-button-large-cap.png]
[www2.bac-assets.com/pa/global-assets/1.0/graphic/buttons/gray-button-large-main.png]
[www2.bac-assets.com/pa/global-assets/1.0/graphic/buttons/blue-button-large-cap.png]
[www2.bac-assets.com/pa/global-assets/1.0/graphic/buttons/blue-button-large-main.png]
[www2.bac-assets.com/pa/global-assets/1.0/graphic/buttons/red-button-large-cap.png]
[www2.bac-assets.com/pa/global-assets/1.0/graphic/buttons/red-button-large-main.png]
[www2.bac-assets.com/pa/global-assets/1.0/graphic/buttons/green-button-cap.png]
[www2.bac-assets.com/pa/global-assets/1.0/graphic/buttons/green-button-main.png]
[www2.bac-assets.com/pa/global-assets/1.0/graphic/buttons/inactive-button-cap.png]
[www2.bac-assets.com/pa/global-assets/1.0/graphic/buttons/inactive-button-main.png]
[www2.bac-assets.com/pa/global-assets/1.0/graphic/buttons/inactive-button-large-cap.png]
[www2.bac-assets.com/pa/global-assets/1.0/graphic/buttons/inactive-button-large-main.png]
[www2.bac-assets.com/pa/global-assets/1.0/graphic/bg_button_a.gif]
[www2.bac-assets.com/pa/global-assets/1.0/graphic/bg_button_span.gif]
[www2.bac-assets.com/pa/global-assets/1.0/graphic/bg_blu-button_a.gif]
[www2.bac-assets.com/pa/global-assets/1.0/graphic/bg_blu-button_span.gif]
[www2.bac-assets.com/pa/global-assets/1.0/graphic/button-gray-a.gif]
[www2.bac-assets.com/pa/global-assets/1.0/graphic/button-gray-span.gif]
[www2.bac-assets.com/pa/global-assets/1.0/graphic/bg_fade-button_a.gif]
[www2.bac-assets.com/pa/global-assets/1.0/graphic/bg_fade-button_span.gif]
[www2.bac-assets.com/pa/global-assets/1.0/graphic/bg_fade-blu-button_a.gif]
[www2.bac-assets.com/pa/global-assets/1.0/graphic/bg_fade-blu-button_span.gif]
[www2.bac-assets.com/pa/global-assets/1.0/graphic/blue-gradient.gif]
[www2.bac-assets.com/pa/global-assets/1.0/graphic/module-corners.gif]
[www2.bac-assets.com/pa/global-assets/1.0/graphic/olb-sw-corners.png]
[www2.bac-assets.com/pa/global-assets/1.0/graphic/legacy-corners.png]
[www2.bac-assets.com/pa/global-assets/1.0/graphic/sm-show-hide.png]
[www2.bac-assets.com/pa/global-assets/1.0/graphic/module-corners-gray-gradient.gif]
[www2.bac-assets.com/pa/global-assets/1.0/graphic/sw-blue-grad-bg.png]
[www2.bac-assets.com/pa/global-assets/1.0/graphic/dialog_close.png]
[www2.bac-assets.com/pa/global-assets/1.0/graphic/dialog_xlarge_titlebar.png]
[www2.bac-assets.com/pa/global-assets/1.0/graphic/dialog_xlarge_body.png]
[www2.bac-assets.com/pa/global-assets/1.0/graphic/dialog_500px_titlebar.png]
[www2.bac-assets.com/pa/global-assets/1.0/graphic/dialog_500px_body.png]
[www2.bac-assets.com/pa/global-assets/1.0/graphic/dialog_large_titlebar.png]
[www2.bac-assets.com/pa/global-assets/1.0/graphic/dialog_large_body.png]
[www2.bac-assets.com/pa/global-assets/1.0/graphic/dialog_med_titlebar.png]
[www2.bac-assets.com/pa/global-assets/1.0/graphic/dialog_med_body.png]
[www2.bac-assets.com/pa/global-assets/1.0/graphic/dialog_sm_titlebar.png]
[www2.bac-assets.com/pa/global-assets/1.0/graphic/dialog_sm_body.png]
[www2.bac-assets.com/pa/global-assets/1.0/graphic/dialog_med_titlebar_nodrag.png]
[www2.bac-assets.com/pa/global-assets/1.0/graphic/dialog_med_titlebar_nodrag_wide.png]
[www2.bac-assets.com/pa/global-assets/1.0/graphic/dialog_med_body_wide.png]
[www2.bac-assets.com/pa/global-assets/1.0/graphic/dialog_med_titlebar_nodrag_width_742.png]
[www2.bac-assets.com/pa/global-assets/1.0/graphic/dialog_med_body_width_742.png]
[www2.bac-assets.com/pa/global-assets/1.0/graphic/dialog_arrow.png]
[www2.bac-assets.com/pa/global-assets/1.0/graphic/dialog_arrow_right.png]
[www2.bac-assets.com/pa/global-assets/1.0/graphic/dialog_med_no_titlebar.png]
[www2.bac-assets.com/pa/global-assets/1.0/graphic/dialog_wide_no_titlebar.png]
[www2.bac-assets.com/pa/global-assets/1.0/graphic/boa-task-layer-arrows.png]
[www2.bac-assets.com/pa/global-assets/1.0/graphic/modal_titlebar.png]
[www2.bac-assets.com/pa/global-assets/1.0/graphic/modal_body.png]
[www2.bac-assets.com/pa/global-assets/1.0/graphic/modal_large_titlebar.png]
[www2.bac-assets.com/pa/global-assets/1.0/graphic/modal_large_body.png]
[www2.bac-assets.com/pa/global-assets/1.0/graphic/modal_med_titlebar.png]
[www2.bac-assets.com/pa/global-assets/1.0/graphic/modal_med_titlebar_close.png]
[www2.bac-assets.com/pa/global-assets/1.0/graphic/modal_med_body.png]
[www2.bac-assets.com/pa/global-assets/1.0/graphic/modal_500px_titlebar.png]
[www2.bac-assets.com/pa/global-assets/1.0/graphic/modal_500px_body.png]
[www2.bac-assets.com/pa/global-assets/1.0/graphic/modal_500px_tall_body.png]
[www2.bac-assets.com/pa/global-assets/1.0/graphic/icon-alert-error-large-fsd.gif]
[www2.bac-assets.com/pa/global-assets/1.0/graphic/olb-info-layer-draggable.png]
[www2.bac-assets.com/pa/global-assets/1.0/graphic/com-info-layer-draggable.png]
[www2.bac-assets.com/pa/global-assets/1.0/graphic/brand-task-arrows.png]
[www2.bac-assets.com/pa/global-assets/1.0/graphic/fsd-larrow-ilayer-sprite.png]
[www2.bac-assets.com/pa/global-assets/1.0/graphic/tooltip_top.png]
[www2.bac-assets.com/pa/global-assets/1.0/graphic/tooltip_bottom.png]
[www2.bac-assets.com/pa/global-assets/1.0/graphic/instructional_help_top.png]
[www2.bac-assets.com/pa/global-assets/1.0/graphic/instructional_help_bottom.png]
[www2.bac-assets.com/pa/global-assets/1.0/graphic/form_help_bullet.gif]
[www2.bac-assets.com/pa/global-assets/1.0/graphic/icon_alert_error_small.gif]
[www2.bac-assets.com/pa/global-assets/1.0/graphic/icon_alert_error.gif]
[www2.bac-assets.com/pa/global-assets/1.0/graphic/modal_ml_body.gif]
[www2.bac-assets.com/pa/global-assets/1.0/graphic/modal_ml_titlebar.gif]
[www2.bac-assets.com/pa/global-assets/1.0/graphic/pam-corners.gif]
[www2.bac-assets.com/pa/global-assets/1.0/graphic/ok-ack.gif]
[www2.bac-assets.com/pa/global-assets/1.0/graphic/inf-corners.png]
[www2.bac-assets.com/pa/global-assets/1.0/graphic/info-not.gif]
[www2.bac-assets.com/pa/global-assets/1.0/graphic/graybullet.gif]
[www2.bac-assets.com/pa/global-assets/1.0/graphic/error-corners.png]
[www2.bac-assets.com/pa/global-assets/1.0/graphic/error-pl.png]
[www2.bac-assets.com/pa/global-assets/1.0/graphic/msg-icon-lg.png]
[www2.bac-assets.com/pa/global-assets/1.0/graphic/msg-icon-sm.png]
[www2.bac-assets.com/pa/global-assets/1.0/graphic/msg-icon-md.png]
[www2.bac-assets.com/pa/global-assets/1.0/graphic/oo_icon.gif]
[www2.bac-assets.com/pa/global-assets/1.0/graphic/field-error.gif]
[www2.bac-assets.com/pa/global-assets/1.0/graphic/help-qm.png]
[www2.bac-assets.com/pa/global-assets/1.0/graphic/gbullet.png]
[www2.bac-assets.com/pa/global-assets/1.0/graphic/embedded-list-bullet.png]
[www2.bac-assets.com/pa/global-assets/1.0/graphic/calendar-icon.png]
[www2.bac-assets.com/pa/global-assets/1.0/graphic/msg-icon-sprite-fsd.png]
[www2.bac-assets.com/pa/global-assets/1.0/graphic/sico-action-icon-sprite.png]
[www2.bac-assets.com/pa/global-assets/1.0/graphic/sico-static-icon-sprite.png]
[www2.bac-assets.com/pa/global-assets/1.0/graphic/progress_bar_end_caps.png]
[www2.bac-assets.com/pa/components/bundles/gzip-compressed/xengine/Global/1.0/style/global-customer-jawr.css]
[www2.bac-assets.com/pa/global-assets/1.0/graphic/homepage/hp-static-sprite-v4.png]
[www2.bac-assets.com/pa/global-assets/1.0/graphic/homepage/hp-url-example.png]
[www2.bac-assets.com/pa/global-assets/1.0/graphic/transparent.gif]
[www2.bac-assets.com/pa/components/modules/hp-header-bdf-module/1.6/graphic/schedule_appt_home_page.png]
[www2.bac-assets.com/pa/components/modules/hp-header-bdf-module/1.6/graphic/A-icon-locator.png]
[www2.bac-assets.com/pa/components/modules/hp-no-script-bdf-module/1.1/graphic/fodal-top.png]
[www2.bac-assets.com/pa/components/modules/hp-no-script-bdf-module/1.1/graphic/fodal-btm.png]
[www2.bac-assets.com/pa/components/modules/hp-no-script-bdf-module/1.1/graphic/fodal-error.gif]
[www2.bac-assets.com/pa/components/modules/interstitial-modal-module/1.6/graphic/flagscape.png]
[www2.bac-assets.com/pa/components/bundles/gzip-compressed/xengine/PBI-HOMEPAGE/2017.03.0/style/pbi-hp-jawr.css]
[www2.bac-assets.com/pa/components/bundles/gzip-compressed/xengine/Global/1.0/script/global-customer-jawr.js]
[www.bankofamerica.com/GET.html]
[www.bankofamerica.com/undefinedAction.html]
[www.bankofamerica.com/pa/components/modules/tag-manager-module/1.1/script/tag-manager-module-borneo-global-skin.js]
[www2.bac-assets.com/pa/components/bundles/gzip-compressed/xengine/PBI-HOMEPAGE/2017.03.0/style/pbi-sb-hp-jawr.css]
[www.bankofamerica.com/smallbusiness/business-error-page.go]
[www.bankofamerica.com/contactus/contactus1829.html]
[www.bankofamerica.com/smallbusiness/cd-savings-accounts.html]
[www.bankofamerica.com/smallbusiness/business-debit-card.html]
[www.bankofamerica.com/smallbusiness/online-banking.html]
[www.bankofamerica.com/smallbusiness/online-banking/mobile/features.html]
[www.bankofamerica.com/smallbusiness/online-banking/cash-management.html]
[www.bankofamerica.com/smallbusiness/online-banking/payroll.html]
[www.bankofamerica.com/smallbusiness/online-banking/cash-management/remote-deposit.html]
[www.bankofamerica.com/smallbusiness/online-banking/account-management.html]
[www.bankofamerica.com/smallbusiness/online-banking/cash-management/tax-services.html]
[www.bankofamerica.com/smallbusiness/business-financing/working-capital/unsecured-business-line-of-credit.html]
[www.bankofamerica.com/smallbusiness/business-financing/working-capital/business-line-of-credit.html]
[www.bankofamerica.com/smallbusiness/business-financing/working-capital/business-loans.html]
[www.bankofamerica.com/smallbusiness/business-financing/commercial-real-estate-loans.html]
[www.bankofamerica.com/smallbusiness/business-financing/commercial-vehicle-financing/commercial-vehicle-loans.html]
[www.bankofamerica.com/smallbusiness/business-financing/recommendation.html]
[www.bankofamerica.com/smallbusiness/practice-loans/health-care-loans/overview.html]
[www.bankofamerica.com/smallbusiness/education.html]
[www.bankofamerica.com/smallbusiness/business-financing/learning.html]
[www.bankofamerica.com/content/images/ContextualSiteGraphics/Marketing/Heroes/en_US/sb63_hm_200mh-e_arm34h87_s.gif]
[www.bankofamerica.com/content/images/ContextualSiteGraphics/Marketing/Highlights/en_US/sb58_sc_hl7-e_ar54vkcp_s.gif]
[www.bankofamerica.com/content/images/ContextualSiteGraphics/Marketing/Highlights/en_US/sc_hl5straight_arrywsvq_s.gif]
[www.bankofamerica.com/content/images/ContextualSiteGraphics/Marketing/Highlights/en_US/sb28_sc_sbc5-e_ar6v89sg_s.gif]
[www.bankofamerica.com/content/images/ContextualSiteGraphics/Marketing/Highlights/en_US/sb52_sc_nbofa2_ary73my9_s.gif]
[promo.bankofamerica.com/smallbusinesscardsoffer/index0d89.html]
[promo.bankofamerica.com/merchantservices_pos/index1968.html]
[promo.bankofamerica.com/sbmpp/index2/index34cc.html]
[smallbusinessonlinecommunity.bankofamerica.com/community/managing-your-finances/credit-lending/blog/2014/03/31/infographic-building-credit-for-your-small-business.119]
[www.bankofamerica.com/smallbusiness/online-banking/quickbooks.html]
[www.bankofamerica.com/content/images/ContextualSiteGraphics/Marketing/Highlights/en_US/Small_Biz_HPYNI_column2_jan.jpg]
[www.bankofamerica.com/content/images/ContextualSiteGraphics/Marketing/Highlights/en_US/Small_Biz_HPYNI_column3_nov.jpg]
[www.bankofamerica.com/smallbusiness/business-financing/learning/sba-financing.html]
[www.bankofamerica.com/smallbusiness/credit-cards/products/travel-rewards-business-credit-card/index.html]
[www.bankofamerica.com/content/images/ContextualSiteGraphics/Marketing/Highlights/en_US/Small_Biz_HPYNI_column4_dec.jpg]
[www2.bac-assets.com/pa/components/bundles/gzip-compressed/xengine/PBI-HOMEPAGE/2017.03.0/script/pbi-sb-hp-jawr.js]
[www.bankofamerica.com/smallbusiness/index.html]
[www.bankofamerica.com/pa/global-assets/1.0/graphic/favicon.ico]
[www2.bac-assets.com/content/images/ContextualSiteGraphics/Logos/en_US/boa_logo.gif]
[www.bankofamerica.com/homepage/language-not-available9e45.html]
[www2.bac-assets.com/pa/components/bundles/gzip-compressed/xengine/PBI-WEB/2017.03.0/style/pbi-web-jawr.css]
[www2.bac-assets.com/pa/components/bundles/gzip-compressed/xengine/PBI-WEB/2017.03.0/style/pbi-web-jawr-print.css]
[www2.bac-assets.com/pa/components/bundles/gzip-compressed/xengine/PBI-WEB/2017.03.0/script/pbi-web-jawr.js]
[www.bankofamerica.com/help/bankofamerica.com/content/preload/olb-myaccount-preload-jawr-module.134.delayed]
[www2.bac-assets.com/content/images/ContextualSiteGraphics/Logos/en_US/icon_equal_housing_lender.gif]
[www.bankofamerica.com/help/state-select.html]
[www.bankofamerica.com/content/images/ContextualSiteGraphics/Logos/en_US/Bank_of_America_Flagscape_71x71.gif]
[www.bankofamerica.com/onlinebanking/bankofamerica.com/content/preload/olb-myaccount-preload-jawr-module.htm]
[www.bankofamerica.com/onlinebanking/online-bill-pay.html]
[www.bankofamerica.com/onlinebanking/financial-management-tools.html]
[www.bankofamerica.com/onlinebanking/learning-center.html]
[www.bankofamerica.com/information/supported-browsers/index.html]
[www.bankofamerica.com/onlinebanking/online-banking-security-guarantee.html]
[www.bankofamerica.com/online-banking/eComm-Disclosure.html]
[www.bankofamerica.com/onlinebanking/online-banking-services-faqs.html]
[www.bankofamerica.com/onlinebanking/online-banking-security-faqs.html]
[www.bankofamerica.com/deposits/account-fees/index.html]
[www.bankofamerica.com/homepage/overview1dbf.html]
[www2.bac-assets.com/pa/components/bundles/gzip-compressed/xengine/PBI-WEB/2017.03.0/style/pbi-web-ps-jawr.css]
[www2.bac-assets.com/pa/components/bundles/gzip-compressed/xengine/PBI-WEB/2017.03.0/style/pbi-web-ps-jawr-print.css]
[www2.bac-assets.com/pa/components/bundles/gzip-compressed/xengine/PBI-WEB/2017.03.0/script/pbi-web-ps-jawr.js]
[www.bankofamerica.com/privacy/online-mobile-banking-privacy/bankofamerica.com/content/preload/olb-myaccount-preload-jawr-module.htm]
[www.bankofamerica.com/contactus/contactus68ac.html]
[www.bankofamerica.com/privacy/faq/data-compromise-faq.html]
[www.bankofamerica.com/privacy/privacy-overview.html]
[www.bankofamerica.com/privacy/consumer-privacy-notice.html]
[www.bankofamerica.com/privacy/accounts-cards/checking-savings-security.html]
[www.bankofamerica.com/privacy/accounts-cards/credit-debit-card-security.html]
[www.bankofamerica.com/privacy/accounts-cards/ATM-security.html]
[www.bankofamerica.com/privacy/accounts-cards/shopsafe.html]
[www.bankofamerica.com/privacy/online-mobile-banking-privacy/mobile-banking-security.html]
[www.bankofamerica.com/privacy/online-mobile-banking-privacy/email-fraud.html]
[www.bankofamerica.com/privacy/online-mobile-banking-privacy/trusteer-rapport.html]
[www.bankofamerica.com/privacy/online-mobile-banking-privacy/safepass.html]
[www.bankofamerica.com/privacy/report-suspicious-email.html]
[www.bankofamerica.com/privacy/report-lost-stolen-credit-card.html]
[www.bankofamerica.com/privacy/resolve-identity-theft.html]
[www.bankofamerica.com/privacy/report-data-compromise.html]
[www.bankofamerica.com/privacy/faq/collecting-information-faq.html]
[www.bankofamerica.com/privacy/privacy-policy-glossary.html]
[www.bankofamerica.com/privacy/external-resources.html]
[www.bankofamerica.com/content/images/ContextualSiteGraphics/Instructional/en_US/fullwidth_OLBS_security_Engagement_Area.png]
[www2.bac-assets.com/content/images/ContextualSiteGraphics/Instructional/en_US/Deposits/browser-address-bar.png]
[www.bankofamerica.com/onlinebanking/education/how-to-avoid-email-scams.html]
[www.bankofamerica.com/privacy/online-mobile-banking-privacy/security-center.html]
[www.bankofamerica.com/privacy/online-mobile-banking-privacy/online-banking-security.html]
[www.bankofamerica.com/content/images/ContextualSiteGraphics/Instructional/en_US/FraudulentEmail.png]
[www.bankofamerica.com/privacy/bankofamerica.com/content/preload/olb-myaccount-preload-jawr-module.htm]
[www.bankofamerica.com/content/documents/privacy/Cookie_Guide_eng.pdf]
[www.bankofamerica.com/privacy/online-privacy-notice.html]
[www.bankofamerica.com/deposits/checking/checking-accounts/es/index.html]
[www2.bac-assets.com/spa-globals/bundles/1.7/css/sparta-global.min.css]
[www.bankofamerica.com/content/images/ContextualSiteGraphics/Logos/en_US/checking-og.png]
[www2.bac-assets.com/deposits/spa-assets/bundles/deposits-cssBundle-1491935789386.min.css]
[www2.bac-assets.com/spa-globals/bundles/1.7/js/sparta-global-top.min.js]
[www.bankofamerica.com/contactus/contactuse3c6.html]
[www.bankofamerica.com/deposits/manage/faq-applying-for-accountse335.html]
[www.bankofamerica.com/deposits/bank-account-interest-rates/index.html]
[www.bankofamerica.com/deposits/access-your-accountse335.html]
[www.bankofamerica.com/deposits/resources/personal-schedule-feese335.pdf]
[www.bankofamerica.com/deposits/checking/checking-clarity-statement/index.html]
[www.bankofamerica.com/deposits/iras/retirement-accounts/index.html]
[www.bankofamerica.com/deposits/bank-accounts/index.html]
[www.bankofamerica.com/content/documents/deposits/service/pdf/docrepo/BofA_CoreChecking_en_ADA.pdf]
[www.bankofamerica.com/content/documents/deposits/service/pdf/docrepo/BofA_InterestChecking_en_ADA.pdf]
[www.bankofamerica.com/deposits/manage/keep-the-changee335.html]
[www.bankofamerica.com/deposits/checking/personal-checking-account/before-you-apply/index.html]
[www.bankofamerica.com/deposits/checking/personal-checking-account/index.html]
[www.bankofamerica.com/deposits/checking/interest-checking-account/before-you-apply/index.html]
[www.bankofamerica.com/deposits/checking/interest-checking-account/index.html]
[www.bankofamerica.com/deposits/checking/safebalance-bank-account/before-you-apply/index.html]
[www.bankofamerica.com/deposits/checking/safebalance-bank-account/index.html]
[www.bankofamerica.com/deposits/manage/faq-routing-numberse335.html]
[www.bankofamerica.com/deposits/access/setting-up-direct-deposite335.html]
[www.bankofamerica.com/deposits/checking/debit-cardse335.html]
[www.bankofamerica.com/deposits/manage/glossarye335.html]
[www.bankofamerica.com/deposits/manage/switch-bankse335.html]
[www.bankofamerica.com/indexe335.html]
[www.bankofamerica.com/deposits/savings/rewards-money-market-savings-account/index.html]
[www.bankofamerica.com/deposits/access/request-debit-carde335.html]
[www.bankofamerica.com/deposits/resources/deposit-agreementse335.pdf]
[www.bankofamerica.com/deposits/savings/regular-savings-account/index.html]
[www.bankofamerica.com/deposits/savings/child-savings-accounts/index.html]
[www.bankofamerica.com/deposits/savings/utma-savings-account-for-children/index.html]
[www.bankofamerica.com/deposits/bank-cds/risk-free-cd/index.html]
[www2.bac-assets.com/spa-globals/bundles/1.7/js/sparta-global-bottom.min.js]
[www.bankofamerica.com/deposits/bank-cds/featured-cd/index.html]
[www.bankofamerica.com/deposits/bank-cds/standard-term-cd/index.html]
[www.bankofamerica.com/deposits/checking/checking-accounts/index.html]
[www2.bac-assets.com/deposits/spa-assets/bundles/deposits-jsBundle-1491935789386.min.js]
[www.bankofamerica.com/deposits/iras/retirement-accounts/savings-iras/index.html]
[www.bankofamerica.com/content/images/ContextualSiteGraphics/Logos/en_US/savings-og.png]
[www.bankofamerica.com/deposits/iras/retirement-accounts/investment-iras/index.html]
[www.bankofamerica.com/deposits/savings/savings-goal-calculator/index.html]
[www.bankofamerica.com/deposits/savings/savings-accounts/es/index.html]
[www2.bac-assets.com/deposits/spa-assets/assets/images/site/deposits/en/icons/transparent_1491935809336.png]
[www.bankofamerica.com/content/documents/deposits/service/pdf/docrepo/Regular_Savings_en_ADA_aug2016.pdf]
[www.bankofamerica.com/content/documents/deposits/service/pdf/docrepo/Rewards_MMS_en_ADA_aug2016.pdf]
[www.bankofamerica.com/deposits/savings/regular-savings-account/before-you-apply/index.html]
[www.bankofamerica.com/deposits/savings/rewards-money-market-savings-account/before-you-apply/index.html]
[www.bankofamerica.com/deposits/savings/savings-accounts/index.html]
[www.bankofamerica.com/deposits/bank-cds/cd-accounts/es/index.html]
[www.bankofamerica.com/content/images/ContextualSiteGraphics/Logos/en_US/deposits-products-og.png]
[www.bankofamerica.com/deposits/bank-cds/featured-cd/before-you-apply/index.html]
[www.bankofamerica.com/deposits/manage/how-do-cds-worke335.html]
[www.bankofamerica.com/deposits/bank-cds/cd-accounts/index.html]
[www2.bac-assets.com/spa-globals/bundles/1.4/css/sparta-global.min.css]
[www.bankofamerica.com/deposits/bank-cds/standard-term-cd/before-you-apply/index.html]
[www2.bac-assets.com/smallbusiness/deposits/spa-assets/bundles/sb-deposits-cssBundle-1489454759597.min.css]
[www2.bac-assets.com/spa-globals/bundles/1.4/js/sparta-global-top.min.js]
[www.bankofamerica.com/smallbusiness/savings-accounts/business-interest-maximizer.html]
[www.bankofamerica.com/smallbusiness/deposits/checking-accounts/business-advantage/index.html]
[www.bankofamerica.com/smallbusiness/savings-accounts/business-investment-account.html]
[www.bankofamerica.com/smallbusiness/deposits/checking-accounts/business-fundamentals/index.html]
[www.bankofamerica.com/smallbusiness/cds/business-featured-cd.html]
[www.bankofamerica.com/smallbusiness/cds/risk-free-cd.html]
[www.bankofamerica.com/smallbusiness/standard-cds.html]
[www.bankofamerica.com/smallbusiness/resources/faqs.html]
[www.bankofamerica.com/smallbusiness/resources/glossary.html]
[www.bankofamerica.com/smallbusiness/resources/fees-at-a-glance.html]
[www.bankofamerica.com/smallbusiness/platinum-privileges.html]
[www.bankofamerica.com/smallbusiness/resources/overdraft-protection.html]
[www.bankofamerica.com/deposits/bank-account-interest-rates/indexf6e6.html]
[www.bankofamerica.com/smallbusiness/deposits/checking-accounts/business-fundamentals-application/index1e20.html]
[www.bankofamerica.com/smallbusiness/checking-accounts/business-interest-checking.html]
[www.bankofamerica.com/smallbusiness/checking-accounts/full-analysis-business-checking.html]
[www.bankofamerica.com/smallbusiness/deposits/checking-accounts/business-advantage-application/indexd7de.html]
[www.bankofamerica.com/smallbusiness/resources/business-schedule-fees.pdf]
[www.bankofamerica.com/smallbusiness/deposits/checking-accounts/business-fundamentals-application/index40f0.html]
[www2.bac-assets.com/spa-globals/bundles/1.4/js/sparta-global-bottom.min.js]
[www.bankofamerica.com/smallbusiness/deposits/checking-accounts/index.html]
[www2.bac-assets.com/smallbusiness/deposits/spa-assets/bundles/sb-deposits-jsBundle-1489454759597.min.js]
[www.bankofamerica.com/smallbusiness/deposits/checking-accounts/business-advantage-application/index389a.html]
[www2.bac-assets.com/pa/components/bundles/gzip-compressed/xengine/APS-deposits/2017.03.0/style/global-aps-dp-jawr.css]
[www2.bac-assets.com/pa/components/bundles/gzip-compressed/xengine/APS-deposits/2017.03.0/style/sb-aps-dp-jawr.css]
[www2.bac-assets.com/pa/components/bundles/gzip-compressed/xengine/APS-deposits/2017.03.0/script/global-aps-dp-jawr.js]
[www2.bac-assets.com/pa/components/bundles/gzip-compressed/xengine/APS-deposits/2017.03.0/script/sb-aps-dp-jawr.js]
[www2.bac-assets.com/pa/components/bundles/gzip-compressed/xengine/APS-deposits/2017.03.0/style/global-aps-dp-jawr-print.css]
[www2.bac-assets.com/pa/components/bundles/gzip-compressed/xengine/APS-deposits/2017.03.0/style/sb-aps-dp-jawr-print.css]
[www.bankofamerica.com/student-banking/bankofamerica.com/content/preload/olb-myaccount-preload-jawr-module.htm]
[www.bankofamerica.com/student-banking/overview1dbf.html]
[www.bankofamerica.com/student-banking/resources/student-banking-faqs.html]
[www.bankofamerica.com/student-banking/solutions-for-students.html]
[www.bankofamerica.com/student-banking/student-checking-savings-account.html]
[www.bankofamerica.com/student-banking/student-credit-cards.html]
[www.bankofamerica.com/student-banking/online-mobile-banking.html]
[www.bankofamerica.com/student-banking/resources/types-of-student-loans.html]
[www.bankofamerica.com/student-banking/saving-for-college.html]
[www.bankofamerica.com/student-banking/financial-aid.html]
[www.bankofamerica.com/student-banking/managing-student-finances.html]
[www.bankofamerica.com/student-banking/resources/fafsa-form.html]
[www.bankofamerica.com/student-banking/resources/overview.html]
[www.bankofamerica.com/student-banking/resources/glossary.html]
[www.bankofamerica.com/student-banking/resources/shared-credit-cards.html]
[www.bankofamerica.com/student-banking/resources/building-your-credit-history.html]
[www.bankofamerica.com/content/images/ContextualSiteGraphics/Marketing/Banners/en_US/banner-hero-student_overview.png]
[www.bankofamerica.com/student-banking/resources/shopping-for-a-checking-account.html]
[www.bankofamerica.com/student-banking/resources/types-of-checking-accounts.html]
[www.bankofamerica.com/deposits/checking/personal-checking-account/index0859.html]
[www.bankofamerica.com/student-banking/resources/debit-cards.html]
[www.bankofamerica.com/student-banking/resources/choosing-a-credit-card.html]
[www.bankofamerica.com/student-banking/resources/repaying-student-loans.html]
[www.bankofamerica.com/student-banking/resources/getting-an-auto-loan.html]
[www.bankofamerica.com/content/images/ContextualSiteGraphics/Marketing/Highlights/en_US/carousel-debit_cards.png]
[www.bankofamerica.com/content/images/ContextualSiteGraphics/Marketing/Highlights/en_US/carousel-investments.png]
[www.bankofamerica.com/student-banking/resources/understanding-investments.html]
[www.bankofamerica.com/content/images/ContextualSiteGraphics/Marketing/Highlights/en_US/carousel-auto_loans.png]
[www.bankofamerica.com/content/images/ContextualSiteGraphics/Marketing/Highlights/en_US/make-a-plan-70x100.png]
[www.bankofamerica.com/student-banking/overview.html]
[www.bankofamerica.com/content/images/ContextualSiteGraphics/Instructional/en_US/OLB/closeX.png]
[www.bankofamerica.com/content/images/ContextualSiteGraphics/Instructional/en_US/OLB/ipc-olbr-icon-sprite-3.png]
[www.bankofamerica.com/content/images/ContextualSiteGraphics/Instructional/en_US/OLB/olbr_overview2.png]
[www.bankofamerica.com/content/images/ContextualSiteGraphics/Instructional/en_US/manage-your-bank-accounts.png]
[www.bankofamerica.com/content/images/ContextualSiteGraphics/Instructional/en_US/online-bill-pay-transfers.png]
[www.bankofamerica.com/content/images/ContextualSiteGraphics/Instructional/en_US/financial-planning-tools1.png]
[www.bankofamerica.com/content/images/ContextualSiteGraphics/Instructional/en_US/OLB/mobile-banking-3.png]
[www.bankofamerica.com/onlinebanking/online-banking.html]
[www2.bac-assets.com/pa/components/bundles/gzip-compressed/xengine/APS-mobile-products/2017.03.0/style/aps-mp-jawr.css]
[www2.bac-assets.com/pa/components/bundles/gzip-compressed/xengine/APS-mobile-products/2017.03.0/script/aps-mp-jawr.js]
[www2.bac-assets.com/pa/components/bundles/gzip-compressed/xengine/APS-mobile-products/2017.03.0/style/aps-mp-jawr-print.css]
[www.bankofamerica.com/online-banking/mobile1dbf.html]
[www.bankofamerica.com/online-banking/mobile-banking-features.html]
[www.bankofamerica.com/online-banking/mobile-banking-account.html]
[www.bankofamerica.com/online-banking/mobile-check-deposit.html]
[www.bankofamerica.com/online-banking/mobile-money-transfer.html]
[www.bankofamerica.com/online-banking/mobile-banking-alerts.html]
[www.bankofamerica.com/online-banking/mobile-bill-pay.html]
[www.bankofamerica.com/online-banking/bankamerideals-cash-back-deals.html]
[www.bankofamerica.com/online-banking/bank-atm-locations.html]
[www.bankofamerica.com/online-banking/iphone-banking-app.html]
[www.bankofamerica.com/online-banking/mobile-banking-faq.html]
[www.bankofamerica.com/online-banking/text-banking.html]
[www.bankofamerica.com/online-banking/mobile-banking-apps.html]
[www.bankofamerica.com/content/images/ContextualSiteGraphics/Instructional/en_US/OLB-Mobile/Overview_Hero_Icon2.png]
[www.bankofamerica.com/content/images/ContextualSiteGraphics/Instructional/en_US/mobile_banking_EA_woman_on_phone_300x980.jpg]
[www.bankofamerica.com/content/images/ContextualSiteGraphics/CreditCardArt/en_US/CardImages/_bac_cards/banking_security_lock.png]
[www.bankofamerica.com/content/images/ContextualSiteGraphics/CreditCardArt/en_US/CardImages/_bac_cards/ICON_apple-pay-banner.png]
[www.bankofamerica.com/onlinebanking/mobile-wallet.html]
[www.bankofamerica.com/online-banking/android-banking-app.html]
[www.bankofamerica.com/content/images/ContextualSiteGraphics/Instructional/en_US/aps-mobile-products-icon-sprite-dev.png]
[www.bankofamerica.com/online-banking/windows-banking-app.html]
[www.bankofamerica.com/online-banking/blackberry-banking-app.html]
[www.bankofamerica.com/online-banking/kindle-banking-systems.html]
[www.bankofamerica.com/online-banking/mobile.html]
[www.bankofamerica.com/sitemap/bankofamerica.com/content/preload/olb-myaccount-preload-jawr-module.htm]
[www.bankofamerica.com/sitemap/state-select.html]
[www.bankofamerica.com/preferred-rewards/index.html]
[www2.bac-assets.com/spa-globals/bundles/1.3/css/sparta-global.min69ea.css]
[www2.bac-assets.com/online-banking/spa-assets/bundles/online-banking-cssBundle-1491939905572.min.css]
[www2.bac-assets.com/spa-globals/bundles/1.3/js/sparta-global-top.mine67d.js]
[www.bankofamerica.com/contactus/contactuse335.html]
[www2.bac-assets.com/online-banking/spa-assets/assets/images/global/get-app-modal/apple_button_1491939922258.jpg]
[www2.bac-assets.com/online-banking/spa-assets/assets/images/global/get-app-modal/googleplay_button_1491939922258.jpg]
[www2.bac-assets.com/online-banking/spa-assets/assets/images/global/get-app-modal/windows10_button_1491939922258.jpg]
[www2.bac-assets.com/online-banking/spa-assets/assets/images/site/online-banking/feature-images/still_spining_laptop_small_1491939922261.jpg]
[www.bankofamerica.com/online-banking/mobile-and-online-banking-features/&apos;/online-banking/service-agreement.go&apos;]
[www.bankofamerica.com/online-banking/mobile-and-online-banking-features/&apos;/onlinebanking/online-banking.go&apos;]
[www.bankofamerica.com/online-banking/mobile-and-online-banking-features/&apos;/deposits/resources/personal-schedule-fees.go&apos;]
[www.bankofamerica.com/online-banking/mobile-and-online-banking-features/&apos;https_/get.adobe.com/reader/&apos;]
[www.bankofamerica.com/online-banking/mobile-and-online-banking-features/&apos;/online-banking/eComm-Disclosure8282.go]
[www2.bac-assets.com/spa-globals/bundles/1.3/js/sparta-global-bottom.mine67d.js]
[www.bankofamerica.com/online-banking/mobile-and-online-banking-features/index.html]
[www2.bac-assets.com/online-banking/spa-assets/bundles/online-banking-jsBundle-1491939905572.min.js]
[www.bankofamerica.com/content/images/ContextualSiteGraphics/CreditCardArt/en_US/Approved_PCM/8aze_nrwcm_v_250x158.png]
[www2.bac-assets.com/credit-cards/spa-assets/bundles/credit-cards-cssBundle-1492010002825.min.css]
[www2.bac-assets.com/credit-cards/spa-assets/assets/images/site/credit-cards/video/video-poster_1492010022620.png]
[www2.bac-assets.com/credit-cards/spa-assets/assets/images/site/credit-cards/quiz/mobile/mostpop_cashrewards_small_1492010022611.jpg]
[www2.bac-assets.com/credit-cards/spa-assets/assets/images/site/credit-cards/quiz/mobile/komen_1492010022623.jpg]
[www2.bac-assets.com/credit-cards/spa-assets/assets/images/site/credit-cards/quiz/mobile/patriotic_small_1492010022617.jpg]
[www2.bac-assets.com/credit-cards/spa-assets/assets/images/site/credit-cards/quiz/mobile/mlb_small_1492010022602.jpg]
[www2.bac-assets.com/credit-cards/spa-assets/assets/images/site/credit-cards/quiz/mobile/travel_most_popular_1492010022612.jpg]
[www2.bac-assets.com/credit-cards/spa-assets/assets/images/site/credit-cards/quiz/mobile/cruises_1492010022622.jpg]
[www2.bac-assets.com/credit-cards/spa-assets/assets/images/site/credit-cards/quiz/mobile/alaska_airlines_1492010022618.jpg]
[www2.bac-assets.com/credit-cards/spa-assets/assets/images/site/credit-cards/quiz/mobile/student_2_small_1492010022604.jpg]
[www2.bac-assets.com/credit-cards/spa-assets/assets/images/site/credit-cards/quiz/mobile/retail_small_1492010022618.jpg]
[www2.bac-assets.com/credit-cards/spa-assets/assets/images/site/credit-cards/quiz/mobile/credit_builder_1492010022613.jpg]
[www2.bac-assets.com/credit-cards/spa-assets/assets/images/site/credit-cards/quiz/mobile/student_cash_1492010022615.jpg]
[www2.bac-assets.com/credit-cards/spa-assets/assets/images/site/credit-cards/quiz/mostpop_cashrewards_1492010022611.jpg]
[www2.bac-assets.com/credit-cards/spa-assets/assets/images/site/credit-cards/quiz/komen_1492010022635.jpg]
[www2.bac-assets.com/credit-cards/spa-assets/assets/images/site/credit-cards/quiz/patriotic_1492010022626.jpg]
[www2.bac-assets.com/credit-cards/spa-assets/assets/images/site/credit-cards/quiz/mlb_1492010022612.jpg]
[www2.bac-assets.com/credit-cards/spa-assets/assets/images/site/credit-cards/quiz/travel_most_popular_1492010022628.jpg]
[www2.bac-assets.com/credit-cards/spa-assets/assets/images/site/credit-cards/quiz/cruise_1492010022612.jpg]
[www2.bac-assets.com/credit-cards/spa-assets/assets/images/site/credit-cards/quiz/cruises_1492010022633.jpg]
[www2.bac-assets.com/credit-cards/spa-assets/assets/images/site/credit-cards/quiz/alaska_airlines_1492010022630.jpg]
[www2.bac-assets.com/credit-cards/spa-assets/assets/images/site/credit-cards/quiz/student_2_1492010022630.jpg]
[www2.bac-assets.com/credit-cards/spa-assets/assets/images/site/credit-cards/quiz/retail_1492010022613.jpg]
[www2.bac-assets.com/credit-cards/spa-assets/assets/images/site/credit-cards/quiz/credit_builder_1492010022625.jpg]
[www2.bac-assets.com/credit-cards/spa-assets/assets/images/site/credit-cards/quiz/student_cash_rewards_1492010022630.jpg]
[www.bankofamerica.com/contactus/contactus2a5c.html]
[www.bankofamerica.com/credit-cards/accounts-faq.html]
[www.bankofamerica.com/credit-cards/education/fico-score-learninge335.html]
[www.bankofamerica.com/credit-cards/cash-back-credit-cards/index.html]
[www2.bac-assets.com/credit-cards/spa-assets/assets/images/site/credit-cards/card-finder-cta-cc-module/optimized_1492010022619.png]
[www.bankofamerica.com/credit-cards/travel-credit-cards/index.html]
[www2.bac-assets.com/credit-cards/spa-assets/assets/images/site/credit-cards/customized-offers-cc-module/en/customized_offers_three_card_1492010022606.png]
[www.bankofamerica.com/credit-cards/low-interest-credit-cards/index.html]
[www.bankofamerica.com/credit-cards/compare-credit-cards/index.html]
[www.bankofamerica.com/credit-cards/accounts-faqe335.html]
[www.bankofamerica.com/credit-cards/glossarye335.html]
[www.bankofamerica.com/onlinebanking/online-bankinge335.html]
[www.bankofamerica.com/credit-cards/quiz/index.html]
[www.bankofamerica.com/credit-cards/credit-card-with-no-annual-fee/index.html]
[www.bankofamerica.com/credit-cards/no-foreign-transaction-fee-credit-cards/index.html]
[www.bankofamerica.com/privacy/accounts-cards/credit-debit-card-securitye335.html]
[www.bankofamerica.com/credit-cards/promo-rate-balance-transfers-credit-cards/index.html]
[www.bankofamerica.com/banking-information/assistance/credit-cards/credit-cards-assistance-overviewe335.html]
[www.bankofamerica.com/credit-cards/promo-rate-purchases-credit-cards/index.html]
[www.bankofamerica.com/credit-cards/index.html]
[www2.bac-assets.com/credit-cards/spa-assets/bundles/credit-cards-jsBundle-1492010002825.min.js]
[www.bankofamerica.com/content/images/ContextualSiteGraphics/CreditCardArt/en_US/Approved_PCM/8beb_cshsigcm_v_250x158.png]
[www.bankofamerica.com/credit-cards/preferred-rewards-credit-cards/index.html]
[www.bankofamerica.com/credit-cards/visa-credit-cards/index.html]
[www.bankofamerica.com/credit-cards/mastercard-credit-cards/index.html]
[www2.bac-assets.com/credit-cards/spa-assets/assets/images/site/credit-cards/banner-content-cc-module/PR_image_1492010022631.jpg]
[www.bankofamerica.com/credit-cards/credit-card-agreements/index.html]
[www.bankofamerica.com/credit-cards/credit-cards-to-build-credit/index.html]
[www.bankofamerica.com/credit-cards/cash-back-credit-cards/.html]
[www.bankofamerica.com/credit-cards/student-credit-cards/index.html]
[www.bankofamerica.com/credit-cards/point-rewards-credit-cards/index.html]
[www.bankofamerica.com/credit-cards/cash-back-credit-cards/index6936.html]
[www.bankofamerica.com/content/images/ContextualSiteGraphics/CreditCardArt/en_US/Approved_PCM/8blm_trvsigcm_v_250x158.png]
[www.bankofamerica.com/credit-cards/travel-credit-cards/.html]
[www.bankofamerica.com/credit-cards/travel-credit-cards/index6936.html]
[www.bankofamerica.com/credit-cards/low-interest-credit-cards/.html]
[www.bankofamerica.com/credit-cards/low-interest-credit-cards/index6936.html]
[www.bankofamerica.com/credit-cards/credit-cards-to-build-credit/.html]
[www.bankofamerica.com/credit-cards/credit-cards-to-build-credit/index6936.html]
[www2.bac-assets.com/smallbusiness/credit-cards/spa-assets/bundles/sb-credit-cards-cssBundle-1489076818185.min.css]
[www2.bac-assets.com/smallbusiness/credit-cards/spa-assets/assets/images/site/sb-credit-cards/card-arts/en/yaab_8api_bustrvwldvhd_mc_250_1489076837601.png]
[www2.bac-assets.com/smallbusiness/credit-cards/spa-assets/assets/images/site/sb-credit-cards/product-overview-content-sbcc-module/banner_1489076837601.jpg]
[www2.bac-assets.com/smallbusiness/credit-cards/spa-assets/assets/images/site/sb-credit-cards/product-overview-carousel-sbcc-module/infoLoading_46x46_1489076837595.275]
[www2.bac-assets.com/smallbusiness/credit-cards/spa-assets/assets/images/site/sb-credit-cards/product-overview-content-sbcc-module/travel_card_hero_desktop_14890768375]
[www2.bac-assets.com/smallbusiness/credit-cards/spa-assets/assets/images/site/sb-credit-cards/card-arts/en/8beb_cshsigcm_v_140x88_1489076837596.png]
[www.bankofamerica.com/smallbusiness/credit-cards/view-all-small-business-credit-cards/index.html]
[www.bankofamerica.com/smallbusiness/credit-cards/index.html]
[www2.bac-assets.com/smallbusiness/credit-cards/spa-assets/bundles/sb-credit-cards-jsBundle-1489076818185.min.js]
[www.bankofamerica.com/smallbusiness/credit-cards/compare-business-credit-cards/index.html]
[www.bankofamerica.com/smallbusiness/credit-cards/business-popular-credit-cards/index.html]
[www.bankofamerica.com/smallbusiness/credit-cards/business-cash-back-credit-cards/index.html]
[www2.bac-assets.com/credit-cards/spa-assets/assets/images/site/credit-cards/manage-your-accounts/Manage_Account_FICO_Score_1492010022635.jpg]
[www.bankofamerica.com/smallbusiness/credit-cards/business-travel-credit-cards/index.html]
[www2.bac-assets.com/credit-cards/spa-assets/assets/images/site/credit-cards/manage-your-accounts/Manage_Account_Rewards_1492010022636.jpg]
[www.bankofamerica.com/smallbusiness/credit-cards/business-low-interest-credit-cards/index.html]
[www.bankofamerica.com/smallbusiness/credit-cards/business-credit-card-faqs/index.html]
[www2.bac-assets.com/credit-cards/spa-assets/assets/images/site/credit-cards/manage-your-accounts/Manage_Account_balance_transfer_1492010022634.jpg]
[www.bankofamerica.com/onlinebanking/online-banking-security-guaranteee335.html]
[www2.bac-assets.com/credit-cards/spa-assets/assets/images/global/get-app-modal/apple_button_1492010022609.jpg]
[www2.bac-assets.com/credit-cards/spa-assets/assets/images/global/get-app-modal/googleplay_button_1492010022609.jpg]
[www.bankofamerica.com/credit-cards/manage-your-credit-card-account/pay-a-bill/index.html]
[www2.bac-assets.com/credit-cards/spa-assets/assets/images/global/get-app-modal/windows10_button_1492010022610.jpg]
[www.bankofamerica.com/credit-cards/manage-your-credit-card-account/rewards/index.html]
[www.bankofamerica.com/credit-cards/manage-your-credit-card-account/href=]
[www.bankofamerica.com/credit-cards/manage-your-credit-card-account/.html]
[www.bankofamerica.com/credit-cards/manage-your-credit-card-account/manage-credit-card-pin/index.html]
[www.bankofamerica.com/credit-cards/manage-your-credit-card-account/report-lost-or-stolen-card/index.html]
[www.bankofamerica.com/credit-cards/manage-your-credit-card-account/index.html]
[www.bankofamerica.com/content/images/ContextualSiteGraphics/HomeLoansArt/en_US/home-loans.png]
[www.bankofamerica.com/credit-cards/manage-your-credit-card-account/dispute-a-credit-card-charge/index.html]
[www2.bac-assets.com/mortgage/spa-assets/components/utilities/platform/babel-polyfill.js]
[www2.bac-assets.com/mortgage/spa-assets/components/utilities/global/sparta-messaging-utility/1.0.0/css/sparta-messaging-utility.scss.css]
[www.bankofamerica.com/credit-cards/manage-your-credit-card-account/transfer-a-balance/index.html]
[www2.bac-assets.com/mortgage/spa-assets/components/utilities/global/sparta-ui-layers-utility/3.0.4/css/sparta-ui-layers-utility.scss.css]
[www2.bac-assets.com/mortgage/spa-assets/components/utilities/global/sparta-style-utility/2.2.2/css/sparta-style-utility.scss.css]
[www2.bac-assets.com/mortgage/spa-assets/components/modules/global/global-nav-module/5.1.3/css/global-nav-module.scss.css]
[www2.bac-assets.com/mortgage/spa-assets/components/modules/global/title-module/3.0.0/css/title-module.scss.css]
[www2.bac-assets.com/mortgage/spa-assets/components/utilities/global/sparta-sticky-utility/2.1.0/css/sparta-sticky-utility.scss.css]
[www2.bac-assets.com/mortgage/spa-assets/components/modules/home-loans/call-back-modal-module/2.0.1/css/call-back-modal-module.scss.css]
[www2.bac-assets.com/mortgage/spa-assets/components/utilities/global/sparta-input-utility/6.2.0/css/sparta-input-utility.scss.css]
[www2.bac-assets.com/mortgage/spa-assets/components/utilities/global/sparta-datepicker-utility/3.0.0/css/datepicker.scss.css]
[www2.bac-assets.com/mortgage/spa-assets/components/utilities/global/sparta-datepicker-utility/3.0.0/css/spa-datepicker.scss.css]
[www2.bac-assets.com/mortgage/spa-assets/components/utilities/global/sparta-datepicker-utility/3.0.0/css/datepicker.css]
[www2.bac-assets.com/mortgage/spa-assets/components/modules/home-loans/generic-content-image-module/2.0.1/css/generic-content-image-module.scss.css]
[www2.bac-assets.com/mortgage/spa-assets/components/modules/home-loans/spinner-module/2.0.0/css/spinner-module.scss.css]
[www2.bac-assets.com/mortgage/spa-assets/components/modules/community/es-en-interstitial/1.0.0/css/es-en-interstitial.scss.css]
[www2.bac-assets.com/mortgage/spa-assets/components/modules/home-loans/lazy-load-module/2.0.0/css/lazy-load-module.scss.css]
[www2.bac-assets.com/mortgage/spa-assets/components/modules/home-loans/rates-table-module/2.0.0/css/rates-table-module.scss.css]
[www2.bac-assets.com/mortgage/spa-assets/components/modules/home-loans/rates-table-fallback-module/2.0.0/css/rates-table-fallback-module.scss.css]
[www2.bac-assets.com/mortgage/spa-assets/components/modules/home-loans/disclosures-toggle-module/2.0.0/css/disclosures-toggle-module.scss.css]
[www2.bac-assets.com/mortgage/spa-assets/components/modules/home-loans/generic-content-module/2.0.0/css/generic-content-module.scss.css]
[www2.bac-assets.com/mortgage/spa-assets/components/modules/home-loans/generic-content-module/2.0.0/css/home-loans-navigator-style.scss.css]
[www2.bac-assets.com/mortgage/spa-assets/components/modules/home-loans/generic-content-module/2.0.0/css/about-our-rates-with-image-discounts-content.scss.css]
[www2.bac-assets.com/mortgage/spa-assets/components/modules/home-loans/video-module/2.0.0/css/video-module.scss.css]
[www2.bac-assets.com/mortgage/spa-assets/components/utilities/global/cinema/2.4.4/css/cinema.scss.css]
[www2.bac-assets.com/mortgage/spa-assets/components/utilities/vendor/nouislider/9.0.0/css/nouislider.css]
[www2.bac-assets.com/mortgage/spa-assets/components/utilities/vendor/nouislider/9.0.0/css/nouislider.pips.css]
[www2.bac-assets.com/mortgage/spa-assets/components/utilities/vendor/nouislider/9.0.0/css/nouislider.tooltips.css]
[www2.bac-assets.com/mortgage/spa-assets/components/modules/home-loans/contact-us-module/2.0.2/css/contact-us-module.scss.css]
[www2.bac-assets.com/mortgage/spa-assets/components/modules/global/global-footer-module/4.2.2/css/global-footer-module.scss.css]
[www2.bac-assets.com/mortgage/spa-assets/components/utilities/global/sparta-footnote-utility/3.0.0/css/sparta-footnote-utility.scss.css]
[www2.bac-assets.com/mortgage/spa-assets/components/utilities/global/sparta-footnote-utility/3.0.0/css/sparta-footnote-utility.css]
[www2.bac-assets.com/mortgage/spa-assets/components/modules/home-loans/tab-nav-module/2.0.4/css/tab-nav-module.scss.css]
[www2.bac-assets.com/mortgage/spa-assets/components/utilities/global/sparta-page-anchor-utility/2.0.2/css/sparta-page-anchor-utility.scss.css]
[www2.bac-assets.com/mortgage/spa-assets/components/utilities/global/sparta-page-anchor-utility/2.0.2/css/sparta-page-anchor-utility.css]
[www2.bac-assets.com/mortgage/spa-assets/components/modules/home-loans/one-column-content-module/2.0.0/css/one-column-content-module.scss.css]
[www2.bac-assets.com/mortgage/spa-assets/components/modules/global/global-social-module/3.0.0/css/global-social-module.scss.css]
[www2.bac-assets.com/mortgage/spa-assets/components/modules/home-loans/services-home-loans-module/2.0.1/css/services-home-loans-module.scss.css]
[www2.bac-assets.com/mortgage/spa-assets/components/modules/home-loans/engagement-module/3.0.3/css/engagement-module.scss.css]
[www2.bac-assets.com/mortgage/spa-assets/components/modules/home-loans/interactive-module/2.0.0/css/interactive-module.scss.css]
[www2.bac-assets.com/mortgage/spa-assets/components/modules/home-loans/preferred-rewards-module/2.0.0/css/preferred-rewards-module.scss.css]
[www2.bac-assets.com/mortgage/spa-assets/components/modules/home-loans/top-faq-module/2.0.0/css/top-faq-module.scss.css]
[www2.bac-assets.com/mortgage/spa-assets/components/modules/home-loans/toggle-products-module/2.0.0/css/toggle-products-module.scss.css]
[www2.bac-assets.com/mortgage/spa-assets/components/utilities/global/sparta-accordion-utility/3.3.0/css/sparta-accordion-utility.scss.css]
[www2.bac-assets.com/mortgage/spa-assets/components/utilities/global/sparta-accordion-utility/3.3.0/css/sparta-accordion-utility.css]
[www2.bac-assets.com/mortgage/spa-assets/components/utilities/vendor/require/2.2.0/js/require.js]
[www.bankofamerica.com/mortgage/spa-assets/images/assets-images-global-logos-boa-logo-T1491935995475.svg]
[www.bankofamerica.com/home-loans/faq-mortgage-refi.html]
[www.bankofamerica.com/mortgage/mortgage-rates/index.html]
[www.bankofamerica.com/home-loans/mortgage/mortgage-payment-calculator.html]
[www.bankofamerica.com/home-loans/refinance/custom-refinance-rates-today.html]
[www.bankofamerica.com/home-loans/home-equity/home-equity-loan-payment-calculator.html]
[www.bankofamerica.com/home-loans/service.html]
[www.bankofamerica.com/mortgage/closing-costs-calculator/index.html]
[www.bankofamerica.com/mortgage/spa-assets/images/assets-images-global-header-home_icon-T1491935995475.svg]
[www.bankofamerica.com/mortgage/learn/index.html]
[www.bankofamerica.com/mortgage/spa-assets/images/assets-images-global-header-contact_icon-T1491935995475.svg]
[www.bankofamerica.com/mortgage/spa-assets/images/assets-images-global-header-locations_icon-T1491935995475.svg]
[www.bankofamerica.com/mortgage/spa-assets/images/assets-images-global-header-espanol_icon-T1491935995475.svg]
[www.bankofamerica.com/mortgage/spa-assets/images/assets-images-global-header-help_icon-T1491935995475.svg]
[www.bankofamerica.com/mortgage/refinance-rates/index.html]
[www.bankofamerica.com/mortgage/spa-assets/images/assets-images-global-header-calendar_icon-T1491935995475.svg]
[www.bankofamerica.com/home-equity/home-equity-rates/index.html]
[www.bankofamerica.com/mortgage/index.html]
[www.bankofamerica.com/mortgage/spa-assets/images/assets-images-global-header-secure-lock-T1491935995475.svg]
[www.bankofamerica.com/mortgage/spa-assets/images/assets-images-global-title-flagscape_red-T1491935995475.svg]
[www.bankofamerica.com/mortgage/spa-assets/images/assets-images-global-title-flagscape_gray-T1491935995475.svg]
[www.bankofamerica.com/mortgage/spa-assets/images/assets-images-site-home-loans-shared-icons-chat-T1491935995475.svg]
[www.bankofamerica.com/mortgage/spa-assets/images/assets-images-site-home-loans-shared-icons-call-T1491935995475.svg]
[www.bankofamerica.com/mortgage/spa-assets/images/assets-images-site-home-loans-shared-icons-schedule-T1491935995475.svg]
[www.bankofamerica.com/mortgage/spa-assets/images/assets-images-site-home-loans-shared-icons-callback-T1491935995475.svg]
[www.bankofamerica.com/mortgage/spa-assets/images/assets-images-site-home-loans-engagement-module-HL_Mort_EA_large-T1491935995475.jpg]
[www.bankofamerica.com/mortgage/spa-assets/images/assets-images-site-home-loans-engagement-module-HL_Mort_EA_med-T1491935995475.jpg]
[www.bankofamerica.com/mortgage/spa-assets/images/assets-images-site-home-loans-engagement-module-Carat-T1491935995475.svg]
[www.bankofamerica.com/mortgage/spa-assets/images/assets-images-site-home-loans-engagement-module-callus_icon-T1491935995475.svg]
[www.bankofamerica.com/mortgage/spa-assets/images/assets-images-site-home-loans-contact-us-module-appointment_icon_gray-T1491935995475.svg]
[www.bankofamerica.com/mortgage/spa-assets/images/assets-images-site-home-loans-contact-us-module-callback_icon_gray-T1491935995475.svg]
[www.bankofamerica.com/mortgage/spa-assets/images/assets-images-site-secure-home-loans-contact-us-modal-layer-module-associate_icon-T1491935995475.svg]
[www.bankofamerica.com/mortgage/spa-assets/images/assets-images-site-home-loans-rates-table-module-info_icon-T1491935995475.png]
[www.bankofamerica.com/mortgage/spa-assets/images/assets-images-site-home-loans-rates-table-module-Carat-T1491935995475.svg]
[www.bankofamerica.com/mortgage/spa-assets/images/assets-images-site-home-loans-rates-table-fallback-module-info_icon-T1491935995475.png]
[www.bankofamerica.com/mortgage/spa-assets/images/assets-images-site-home-loans-Carat-T1491935995475.svg]
[www.bankofamerica.com/mortgage/spa-assets/images/assets-images-site-home-loans-interactive-module-Calculator_Icon-T1491935995475.svg]
[www.bankofamerica.com/mortgage/spa-assets/images/assets-images-site-home-loans-interactive-module-Find_A_Home_Icon-T1491935995475.svg]
[www.bankofamerica.com/mortgage/assumptions-home-loan/index.html]
[www.bankofamerica.com/mortgage/spa-assets/images/assets-images-site-home-loans-shared-images-back-hln-T1491935995475.jpg]
[www.bankofamerica.com/mortgage/spa-assets/images/assets-images-site-home-loans-preferred-rewards-module-PR_signifier-T1491935995475.svg]
[www.bankofamerica.com/mortgage/adjustable-rate-mortgage-loans/index.html]
[www.bankofamerica.com/mortgage/home-mortgage/{IMAGE__assets/images/site/home-loans/interactive-module/Find_A_Home_Icon.2de.delayed]
[www.bankofamerica.com/mortgage/fixed-rate-mortgage-loans/index.html]
[www.bankofamerica.com/mortgage/jumbo-loans/index.html]
[www.bankofamerica.com/mortgage/spa-assets/images/assets-images-site-home-loans-zillow-badge-T1491935995475.svg]
[www.bankofamerica.com/mortgage/affordable-loan-solution-mortgage/index.html]
[www.bankofamerica.com/home-loans/home-loan-navigator.html]
[www.bankofamerica.com/mortgage/fha-va-mortgage-loans/index.html]
[www.bankofamerica.com/mortgage/spa-assets/images/assets-images-site-home-loans-shared-icons-icon_paper_rgb_blue-T1491935995475.svg]
[www.bankofamerica.com/mortgage/spa-assets/images/assets-images-site-home-loans-shared-icons-icon_question_rgb_blue-T1491935995475.svg]
[www.bankofamerica.com/home-loans/mortgage/first-time-home-buyer/home-buyer-tips.html]
[www.bankofamerica.com/home-loans/mortgage/finding-the-right-loan/understanding-mortgage-options.html]
[www.bankofamerica.com/home-loans/mortgage/budgeting-for-home.html]
[www.bankofamerica.com/mortgage/home-mortgage/.html]
[www.bankofamerica.com/home-loans/mortgage/budgeting-for-home/how-much-can-you-afford.html]
[www.bankofamerica.com/home-loans/mortgage/budgeting-for-home/mortgage-down-payment-amount.html]
[www.bankofamerica.com/home-loans/mortgage/finding-the-right-loan/apr-vs-interest-rate.html]
[www.bankofamerica.com/home-loans/mortgage/applying-for-a-loan/mortgage-prequalification.html]
[www.bankofamerica.com/home-loans/mortgage/applying-for-a-loan/applying-for-your-mortgage-loan.html]
[www.bankofamerica.com/home-loans/mortgage/applying-for-a-loan/how-mortgages-are-approved.html]
[www.bankofamerica.com/home-loans/mortgage/affordable-housing-programs.html]
[www.bankofamerica.com/contactus/contactus9f35.html]
[www.bankofamerica.com/mortgage/spa-assets/images/assets-images-global-social-module-1.0-social-sprite-T1491935995475.png]
[www.bankofamerica.com/mortgage/spa-assets/images/assets-images-global-logos-icon-ehl-T1491935995475.svg]
[www.bankofamerica.com/mortgage/home-mortgage/index.html]
[www2.bac-assets.com/mortgage/spa-assets/components/modules/home-loans/change-zip-code-modal-module/2.0.0/css/change-zip-code-modal-module.scss.css]
[www.bankofamerica.com/mortgage/spa-assets/images/assets-images-site-home-loans-engagement-module-HL_Refi_EA_large-T1491935995475.jpg]
[www.bankofamerica.com/mortgage/spa-assets/images/assets-images-site-home-loans-engagement-module-HL_Refi_EA_med-T1491935995475.jpg]
[www.bankofamerica.com/home-loans/refinance/fha-va-refinance.html]
[www.bankofamerica.com/mortgage/refinance/{IMAGE__assets/images/site/home-loans/interactive-module/Find_A_Home_Icon.svg}]
[www.bankofamerica.com/mortgage/fixed-rate-refinance-loans/index.html]
[www.bankofamerica.com/home-loans/refinance/reasons-to-refinance/refinancing-fixed-rate.html]
[www.bankofamerica.com/mortgage/adjustable-rate-refinance-loans/index.html]
[www.bankofamerica.com/home-loans/refinance/reasons-to-refinance/refinancing-to-a-lower-payment.html]
[www.bankofamerica.com/home-loans/refinance/should-refinance-mortgage.html]
[www.bankofamerica.com/mortgage/refinance/.html]
[www.bankofamerica.com/home-loans/refinance/reasons-to-refinance/cash-out-refinance-loan.html]
[www.bankofamerica.com/home-loans/refinance/understanding-your-new-payment/owe-vs-make.html]
[www.bankofamerica.com/home-loans/refinance/understanding-your-new-payment/buying-points-lower-interest-rate.html]
[www.bankofamerica.com/home-loans/refinance/applying-for-refinance/apply-for-your-refinance-loan.html]
[www.bankofamerica.com/home-loans/refinance/closing-your-refinance/what-happens-at-closing.html]
[www.bankofamerica.com/mortgage/refinance/index.html]
[www2.bac-assets.com/home-equity/spa-assets/components/utilities/platform/babel-polyfill.js]
[www2.bac-assets.com/home-equity/spa-assets/components/modules/home-loans/tab-nav-module/2.0.4/css/tab-nav-module.scss.css]
[www2.bac-assets.com/home-equity/spa-assets/components/utilities/global/sparta-sticky-utility/2.1.0/css/sparta-sticky-utility.scss.css]
[www2.bac-assets.com/home-equity/spa-assets/components/utilities/global/sparta-page-anchor-utility/2.0.2/css/sparta-page-anchor-utility.scss.css]
[www2.bac-assets.com/home-equity/spa-assets/components/utilities/global/sparta-page-anchor-utility/2.0.2/css/sparta-page-anchor-utility.css]
[www2.bac-assets.com/home-equity/spa-assets/components/utilities/global/sparta-style-utility/2.2.2/css/sparta-style-utility.scss.css]
[www2.bac-assets.com/home-equity/spa-assets/components/utilities/global/sparta-messaging-utility/1.0.0/css/sparta-messaging-utility.scss.css]
[www2.bac-assets.com/home-equity/spa-assets/components/utilities/global/sparta-ui-layers-utility/3.0.4/css/sparta-ui-layers-utility.scss.css]
[www2.bac-assets.com/home-equity/spa-assets/components/modules/home-loans/generic-content-module/2.0.0/css/generic-content-module.scss.css]
[www2.bac-assets.com/home-equity/spa-assets/components/modules/home-loans/generic-content-module/2.0.0/css/home-loans-navigator-style.scss.css]
[www2.bac-assets.com/home-equity/spa-assets/components/modules/home-loans/generic-content-module/2.0.0/css/about-our-rates-with-image-discounts-content.scss.30f.delaye]
[www2.bac-assets.com/home-equity/spa-assets/components/modules/community/es-en-interstitial/1.0.0/css/es-en-interstitial.scss.css]
[www2.bac-assets.com/home-equity/spa-assets/components/modules/home-loans/generic-content-image-module/2.0.1/css/generic-content-image-module.scss.css]
[www2.bac-assets.com/home-equity/spa-assets/components/modules/home-loans/services-home-loans-module/2.0.1/css/services-home-loans-module.scss.css]
[www2.bac-assets.com/home-equity/spa-assets/components/modules/home-loans/spinner-module/2.0.0/css/spinner-module.scss.css]
[www2.bac-assets.com/home-equity/spa-assets/components/modules/home-loans/one-column-content-module/2.0.0/css/one-column-content-module.scss.css]
[www2.bac-assets.com/home-equity/spa-assets/components/modules/home-loans/rates-table-fallback-module/2.0.0/css/rates-table-fallback-module.scss.css]
[www2.bac-assets.com/home-equity/spa-assets/components/modules/home-loans/disclosures-toggle-module/2.0.0/css/disclosures-toggle-module.scss.css]
[www2.bac-assets.com/home-equity/spa-assets/components/modules/home-loans/interactive-module/2.0.0/css/interactive-module.scss.css]
[www2.bac-assets.com/home-equity/spa-assets/components/utilities/global/sparta-input-utility/6.2.0/css/sparta-input-utility.scss.css]
[www2.bac-assets.com/home-equity/spa-assets/components/utilities/global/sparta-datepicker-utility/3.0.0/css/datepicker.scss.css]
[www2.bac-assets.com/home-equity/spa-assets/components/utilities/global/sparta-datepicker-utility/3.0.0/css/spa-datepicker.scss.css]
[www2.bac-assets.com/home-equity/spa-assets/components/utilities/global/sparta-datepicker-utility/3.0.0/css/datepicker.css]
[www2.bac-assets.com/home-equity/spa-assets/components/modules/home-loans/top-faq-module/2.0.0/css/top-faq-module.scss.css]
[www2.bac-assets.com/home-equity/spa-assets/components/modules/global/global-footer-module/4.2.2/css/global-footer-module.scss.css]
[www2.bac-assets.com/home-equity/spa-assets/components/utilities/global/sparta-footnote-utility/3.0.0/css/sparta-footnote-utility.scss.css]
[www2.bac-assets.com/home-equity/spa-assets/components/utilities/global/sparta-footnote-utility/3.0.0/css/sparta-footnote-utility.css]
[www2.bac-assets.com/home-equity/spa-assets/components/modules/global/global-social-module/3.0.0/css/global-social-module.scss.css]
[www2.bac-assets.com/home-equity/spa-assets/components/modules/global/title-module/3.0.0/css/title-module.scss.css]
[www2.bac-assets.com/home-equity/spa-assets/components/modules/home-loans/engagement-module/3.0.3/css/engagement-module.scss.css]
[www2.bac-assets.com/home-equity/spa-assets/components/modules/home-loans/lazy-load-module/2.0.0/css/lazy-load-module.scss.css]
[www2.bac-assets.com/home-equity/spa-assets/components/modules/home-loans/introductory-rate-module/2.0.2/css/introductory-rate-module.scss.css]
[www2.bac-assets.com/home-equity/spa-assets/components/modules/home-loans/headline-mortgage-overview-module/2.0.0/css/headline-mortgage-overview-module.scss.324.delaye]
[www2.bac-assets.com/home-equity/spa-assets/components/modules/home-loans/call-back-modal-module/2.0.1/css/call-back-modal-module.scss.css]
[www2.bac-assets.com/home-equity/spa-assets/components/modules/home-loans/two-column-content-module/2.0.0/css/two-column-content-module.scss.css]
[www2.bac-assets.com/home-equity/spa-assets/components/modules/home-loans/contact-us-module/2.0.2/css/contact-us-module.scss.css]
[www2.bac-assets.com/home-equity/spa-assets/components/modules/global/state-selector-module/5.0.0/css/state-selector-module.scss.css]
[www2.bac-assets.com/home-equity/spa-assets/components/modules/global/global-nav-module/5.1.3/css/global-nav-module.scss.css]
[www2.bac-assets.com/home-equity/spa-assets/components/utilities/vendor/require/2.2.0/js/require.js]
[www.bankofamerica.com/home-equity/spa-assets/images/assets-images-global-logos-boa-logo-T1491930421450.svg]
[www.bankofamerica.com/home-equity/es]
[www.bankofamerica.com/home-loans/faq-homeequity.html]
[www.bankofamerica.com/home-equity/spa-assets/images/assets-images-global-header-home_icon-T1491930421450.svg]
[www.bankofamerica.com/home-equity/spa-assets/images/assets-images-global-header-locations_icon-T1491930421450.svg]
[www.bankofamerica.com/home-equity/spa-assets/images/assets-images-global-header-help_icon-T1491930421450.svg]
[www.bankofamerica.com/home-equity/spa-assets/images/assets-images-global-header-espanol_icon-T1491930421450.svg]
[www.bankofamerica.com/home-equity/spa-assets/images/assets-images-global-header-contact_icon-T1491930421450.svg]
[www.bankofamerica.com/home-equity/spa-assets/images/assets-images-global-header-calendar_icon-T1491930421450.svg]
[www.bankofamerica.com/home-equity/spa-assets/images/assets-images-global-header-secure-lock-T1491930421450.svg]
[www.bankofamerica.com/home-equity/spa-assets/images/assets-images-global-title-flagscape_red-T1491930421450.svg]
[www.bankofamerica.com/home-equity/spa-assets/images/assets-images-global-title-flagscape_gray-T1491930421450.svg]
[www.bankofamerica.com/home-equity/spa-assets/images/assets-images-site-home-loans-shared-icons-chat-T1491930421450.svg]
[www.bankofamerica.com/home-equity/spa-assets/images/assets-images-site-home-loans-shared-icons-call-T1491930421450.svg]
[www.bankofamerica.com/home-equity/spa-assets/images/assets-images-site-home-loans-shared-icons-schedule-T1491930421450.svg]
[www.bankofamerica.com/home-equity/spa-assets/images/assets-images-site-home-loans-shared-icons-callback-T1491930421450.svg]
[www.bankofamerica.com/home-equity/spa-assets/images/assets-images-site-home-loans-engagement-module-HL_HE_EA_large-T1491930421450.jpg]
[www.bankofamerica.com/home-equity/spa-assets/images/assets-images-site-home-loans-engagement-module-HL_HE_EA_med-T1491930421450.jpg]
[www.bankofamerica.com/home-equity/spa-assets/images/assets-images-site-home-loans-engagement-module-Carat-T1491930421450.svg]
[www.bankofamerica.com/home-equity/spa-assets/images/assets-images-site-home-loans-engagement-module-callus_icon-T1491930421450.svg]
[www.bankofamerica.com/home-equity/spa-assets/images/assets-images-site-home-loans-contact-us-module-appointment_icon_gray-T1491930421450.svg]
[www.bankofamerica.com/home-equity/spa-assets/images/assets-images-site-home-loans-contact-us-module-callback_icon_gray-T1491930421450.svg]
[www.bankofamerica.com/home-equity/spa-assets/images/assets-images-site-home-loans-rates-table-fallback-module-info_icon-T1491930421450.png]
[www.bankofamerica.com/home-equity/spa-assets/images/assets-images-site-secure-home-loans-contact-us-modal-layer-module-associate_icon-T1491930421450.svg]
[www.bankofamerica.com/home-equity/spa-assets/images/assets-images-site-home-loans-Carat-T1491930421450.svg]
[www.bankofamerica.com/home-equity/spa-assets/images/assets-images-site-home-loans-preferred-rewards-module-preferredrewards-T1491930421450.gif]
[www.bankofamerica.com/home-equity/spa-assets/images/assets-images-site-home-loans-interactive-module-Calculator_Icon-T1491930421450.svg]
[www.bankofamerica.com/home-equity/assumptions-home-equity/index.html]
[www.bankofamerica.com/home-equity/spa-assets/images/assets-images-site-home-loans-interactive-module-Find_A_Home_Icon-T1491930421450.svg]
[www.bankofamerica.com/home-equity/spa-assets/images/assets-images-site-home-loans-shared-images-back-hln-T1491930421450.jpg]
[www.bankofamerica.com/home-equity/{IMAGE__assets/images/site/home-loans/interactive-module/Find_A_Home_Icon.svg}]
[www.bankofamerica.com/home-equity/spa-assets/images/assets-images-site-secure-home-loans-two-column-content-secure-home-loans-module-nofees_icon-T1491930421450.34b.de]
[www.bankofamerica.com/home-equity/fixed-rate-loan/index.html]
[www.bankofamerica.com/home-equity/spa-assets/images/assets-images-site-home-loans-shared-icons-icon_paper_rgb_blue-T1491930421450.svg]
[www.bankofamerica.com/home-equity/spa-assets/images/assets-images-site-secure-home-loans-two-column-content-secure-home-loans-module-Convenience-T1491930421450.34c.de]
[www.bankofamerica.com/home-equity/spa-assets/images/assets-images-site-home-loans-shared-icons-icon_question_rgb_blue-T1491930421450.svg]
[www.bankofamerica.com/home-loans/home-equity/evaluating-home-equity.html]
[www.bankofamerica.com/home-loans/home-equity/what-is-a-home-equity-line-of-credit.html]
[www.bankofamerica.com/home-loans/home-equity/basics.html]
[www.bankofamerica.com/home-equity/.html]
[www.bankofamerica.com/home-equity/spa-assets/images/assets-images-site-secure-home-loans-two-column-content-secure-home-loans-module-account_icon-T1491930421450.34d.d]
[www.bankofamerica.com/home-loans/home-equity/owe-vs-make.html]
[www.bankofamerica.com/home-loans/home-equity/cash-out-refinance.html]
[www.bankofamerica.com/home-loans/home-equity/line-of-credit-increase.html]
[www.bankofamerica.com/home-equity/spa-assets/images/assets-images-site-secure-home-loans-two-column-content-secure-home-loans-module-mobilebanking-T1491930421450.34e]
[www.bankofamerica.com/home-loans/home-equity/balance-transfer.html]
[www.bankofamerica.com/home-equity/spa-assets/images/assets-images-global-social-module-1.0-social-sprite-T1491930421450.png]
[www.bankofamerica.com/home-equity/spa-assets/images/assets-images-global-logos-icon-ehl-T1491930421450.svg]
[www.bankofamerica.com/home-equity/index.html]
[www2.bac-assets.com/auto-loans/spa-assets/components/utilities/platform/babel-polyfill.js]
[www2.bac-assets.com/auto-loans/spa-assets/components/utilities/global/sparta-style-utility/2.2.2/css/sparta-style-utility.scss.css]
[www2.bac-assets.com/auto-loans/spa-assets/components/utilities/global/sparta-ui-layers-utility/3.0.4/css/sparta-ui-layers-utility.scss.css]
[www2.bac-assets.com/auto-loans/spa-assets/components/utilities/global/sparta-messaging-utility/1.0.0/css/sparta-messaging-utility.scss.css]
[www2.bac-assets.com/auto-loans/spa-assets/components/modules/global/title-module/3.0.0/css/title-module.scss.css]
[www2.bac-assets.com/auto-loans/spa-assets/components/utilities/global/sparta-sticky-utility/2.1.0/css/sparta-sticky-utility.scss.css]
[www2.bac-assets.com/auto-loans/spa-assets/components/modules/global/global-footer-module/4.2.2/css/global-footer-module.scss.css]
[www2.bac-assets.com/auto-loans/spa-assets/components/utilities/global/sparta-footnote-utility/3.0.0/css/sparta-footnote-utility.scss.css]
[www2.bac-assets.com/auto-loans/spa-assets/components/utilities/global/sparta-footnote-utility/3.0.0/css/sparta-footnote-utility.css]
[www2.bac-assets.com/auto-loans/spa-assets/components/modules/global/state-selector-module/4.0.2/css/state-selector-module.scss.css]
[www2.bac-assets.com/auto-loans/spa-assets/components/utilities/global/sparta-input-utility/5.2.0/css/sparta-input-utility.scss.css]
[www2.bac-assets.com/auto-loans/spa-assets/components/utilities/global/sparta-datepicker-utility/3.0.0/css/datepicker.scss.css]
[www2.bac-assets.com/auto-loans/spa-assets/components/utilities/global/sparta-datepicker-utility/3.0.0/css/spa-datepicker.scss.css]
[www2.bac-assets.com/auto-loans/spa-assets/components/utilities/global/sparta-datepicker-utility/3.0.0/css/datepicker.css]
[www2.bac-assets.com/auto-loans/spa-assets/components/modules/global/global-social-module/3.0.0/css/global-social-module.scss.css]
[www2.bac-assets.com/auto-loans/spa-assets/components/modules/auto-loans/sticky-navbar-engagement-auto-module/2017.3.0/css/sticky-navbar-engagement-auto-module.scss.37]
[www2.bac-assets.com/auto-loans/spa-assets/components/modules/auto-loans/preferred-rewards-auto-module/2017.3.0/css/preferred-rewards-auto-module.scss.css]
[www2.bac-assets.com/auto-loans/spa-assets/components/modules/auto-loans/dealer-locator-auto-module/2017.3.0/css/dealer-locator-auto-module.scss.css]
[www2.bac-assets.com/auto-loans/spa-assets/components/utilities/global/sparta-accordion-utility/3.3.0/css/sparta-accordion-utility.scss.css]
[www2.bac-assets.com/auto-loans/spa-assets/components/utilities/global/sparta-accordion-utility/3.3.0/css/sparta-accordion-utility.css]
[www2.bac-assets.com/auto-loans/spa-assets/components/modules/auto-loans/two-column-content-auto-module/2017.3.0/css/two-column-content-auto-module.scss.css]
[www2.bac-assets.com/auto-loans/spa-assets/components/modules/auto-loans/contact-us-auto-module/2017.3.0/css/contact-us-auto-module.scss.css]
[www2.bac-assets.com/auto-loans/spa-assets/components/modules/auto-loans/engagement-unauth-auto-module/2017.3.0/css/engagement-unauth-auto-module.scss.css]
[www2.bac-assets.com/auto-loans/spa-assets/components/modules/auto-loans/cta-sticky-auto-module/2017.3.0/css/cta-sticky-auto-module.scss.css]
[www2.bac-assets.com/auto-loans/spa-assets/components/modules/auto-loans/engagement-targetstate-auto-module/2017.3.2/css/engagement-targetstate-auto-module.scss.379.de]
[www2.bac-assets.com/auto-loans/spa-assets/components/modules/auto-loans/simple-calc-auto-module/2017.3.0/css/simple-calc-auto-module.scss.css]
[www2.bac-assets.com/auto-loans/spa-assets/components/modules/auto-loans/jumbotron-list-3-steps-auto-module/2017.3.0/css/jumbotron-list-3-steps-auto-module.scss.37b.de]
[www2.bac-assets.com/auto-loans/spa-assets/components/modules/auto-loans/jumbotron-2col-auto-module/2017.3.0/css/jumbotron-2col-auto-module.scss.css]
[www2.bac-assets.com/auto-loans/spa-assets/components/modules/auto-loans/divider-auto-module/2017.3.0/css/divider-auto-module.scss.css]
[www2.bac-assets.com/auto-loans/spa-assets/components/modules/global/global-nav-module/5.1.3/css/global-nav-module.scss.css]
[www2.bac-assets.com/auto-loans/spa-assets/components/modules/auto-loans/page-error-auto-module/2017.3.0/css/page-error-auto-module.scss.css]
[www2.bac-assets.com/auto-loans/spa-assets/components/utilities/vendor/require/2.2.0/js/require.js]
[www.bankofamerica.com/auto-loans/spa-assets/images/assets-images-global-logos-boa-logo-T1491229318110.svg]
[www.bankofamerica.com/contactus/contactus913a.html]
[www.bankofamerica.com/auto-loans/auto-loan-faq]
[www.bankofamerica.com/auto-loans/auto-loan-faq/index.html]
[www.bankofamerica.com/auto-loans/auto-refinance-loan/index.html]
[www.bankofamerica.com/auto-loans/spa-assets/images/assets-images-global-header-home_icon-T1491229318110.svg]
[www.bankofamerica.com/auto-loans/auto-loan-rates/index.html]
[www.bankofamerica.com/auto-loans/auto-loan-calculator/index.html]
[www.bankofamerica.com/auto-loans/spa-assets/images/assets-images-global-header-locations_icon-T1491229318110.svg]
[www.bankofamerica.com/auto-loans/disability-access-loans/index.html]
[www.bankofamerica.com/auto-loans/spa-assets/images/assets-images-global-header-contact_icon-T1491229318110.svg]
[www.bankofamerica.com/auto-loans/auto-refinance-calculator/index.html]
[www.bankofamerica.com/auto-loans/spa-assets/images/assets-images-global-header-espanol_icon-T1491229318110.svg]
[www.bankofamerica.com/auto-loans/how-car-loans-work/index.html]
[www.bankofamerica.com/auto-loans/spa-assets/images/assets-images-global-header-help_icon-T1491229318110.svg]
[www.bankofamerica.com/auto-loans/spa-assets/images/assets-images-global-header-calendar_icon-T1491229318110.svg]
[www.bankofamerica.com/auto-loans/spa-assets/images/assets-images-global-header-secure-lock-T1491229318110.svg]
[www.bankofamerica.com/auto-loans/spa-assets/images/assets-images-global-title-flagscape_red-T1491229318110.svg]
[www.bankofamerica.com/auto-loans/financing-car/index.html]
[www.bankofamerica.com/auto-loans/spa-assets/images/assets-images-global-title-flagscape_gray-T1491229318110.svg]
[www.bankofamerica.com/auto-loans/when-to-refinance-a-car/index.html]
[www.bankofamerica.com/auto-loans/spa-assets/images/assets-images-site-auto-loans-page-error-auto-module-error_icon-T1491229318110.svg]
[www.bankofamerica.com/auto-loans/buying-new-or-used-cars/index.html]
[www.bankofamerica.com/auto-loans/spa-assets/images/assets-images-site-auto-loans-sticky-cta-auto-module-callus_micro_icon-T1491229318110.svg]
[www.bankofamerica.com/auto-loans/spa-assets/images/assets-images-site-auto-loans-sticky-cta-auto-module-oneonone_micro_icon-T1491229318110.svg]
[www.bankofamerica.com/auto-loans/spa-assets/images/assets-images-site-auto-loans-engagement-auto-module-car_trans_640x407-T1491229318110.png]
[www.bankofamerica.com/auto-loans/spa-assets/images/assets-images-site-auto-loans-engagement-auto-module-clouds_3000x630_continuous-T1491229318110.jpg]
[www.bankofamerica.com/auto-loans/spa-assets/images/assets-images-site-auto-loans-engagement-auto-module-car_trans_2048x1300-T1491229318110.png]
[www.bankofamerica.com/auto-loans/spa-assets/images/assets-images-site-auto-loans-engagement-auto-module-women_in_car_DT_345-T1491229318110.jpg]
[www.bankofamerica.com/auto-loans/spa-assets/images/assets-images-site-auto-loans-engagement-auto-module-women_in_car_DT_1300-T1491229318110.jpg]
[www.bankofamerica.com/auto-loans/shop-and-finance]
[www.bankofamerica.com/auto-loans/spa-assets/images/assets-images-site-auto-loans-preferred-rewards-module-PR_signifier-T1491229318110.svg]
[www.bankofamerica.com/auto-loans/spa-assets/images/assets-images-site-auto-loans-preferred-rewards-module-PR_Flagscape-T1491229318110.svg]
[www.bankofamerica.com/auto-loans/spa-assets/images/assets-images-site-auto-loans-jumbotron-list-3-steps-auto-module-background-T1491229318110.jpg]
[www.bankofamerica.com/auto-loans/spa-assets/images/assets-images-site-auto-loans-dealer-module-dealer_car-T1491229318110.jpg]
[www.bankofamerica.com/auto-loans/spa-assets/images/assets-images-site-auto-loans-jumbotron-list-3-steps-auto-module-story_divider_only_50x275-T1491229318110.39d.delay]
[www.bankofamerica.com/auto-loans/spa-assets/images/assets-images-site-auto-loans-jumbotron-list-3-steps-auto-module-story_divider_only_240x35-T1491229318110.39e.delay]
[www.bankofamerica.com/auto-loans/spa-assets/images/assets-images-site-auto-loans-jumbotron-2col-auto-module-chair-T1491229318110.svg]
[www.bankofamerica.com/auto-loans/spa-assets/images/assets-images-site-auto-loans-jumbotron-2col-auto-module-truck-T1491229318110.svg]
[www.bankofamerica.com/auto-loans/spa-assets/images/assets-images-site-auto-loans-overview-information-auto-module-topFAQs_icon-T1491229318110.svg]
[www.bankofamerica.com/auto-loans/spa-assets/images/assets-images-site-auto-loans-contact-us-auto-module-callus_icon-T1491229318110.svg]
[www.bankofamerica.com/auto-loans/buying-your-first-car/index.html]
[www.bankofamerica.com/auto-loans/spa-assets/images/assets-images-site-auto-loans-contact-us-auto-module-ononeone_icon-T1491229318110.svg]
[www.bankofamerica.com/auto-loans/car-buying-process/index.html]
[www.bankofamerica.com/auto-loans/spa-assets/images/assets-images-global-social-module-1.0-social-sprite-T1491229318110.png]
[www.bankofamerica.com/auto-loans/what-to-know-when-buying-car/index.html]
[www.bankofamerica.com/auto-loans/spa-assets/images/assets-images-global-logos-icon-ehl-T1491229318110.svg]
[www.bankofamerica.com/auto-loans/index.html]
[www.bankofamerica.com/pa/components/bundles/gzip-compressed/xengine/APS-small-business/2017.03.0/style/bcs-aps-sb-jawr.css]
[www.bankofamerica.com/pa/components/bundles/gzip-compressed/xengine/APS-small-business/2017.03.0/script/bcs-aps-sb-jawr.js]
[www.bankofamerica.com/pa/components/bundles/gzip-compressed/xengine/APS-small-business/2017.03.0/style/bcs-aps-sb-jawr-print.css]
[www.bankofamerica.com/pa/components/bundles/gzip-compressed/xengine/Global/1.0/script/tealeafbundle.js]
[www.bankofamerica.com/smallbusiness/business-financing1dbf.html]
[www.bankofamerica.com/content/images/ContextualSiteGraphics/Logos/en_US/boa_logo.gif]
[www.bankofamerica.com/smallbusiness/business-financing/learning/faqs-applying-for-financing.html]
[www.bankofamerica.com/smallbusiness/business-financing/working-capital.html]
[www.bankofamerica.com/smallbusiness/business-financing/equipment-vehicle-loans/overview.html]
[www.bankofamerica.com/smallbusiness/business-financing/equipment-financing/equipment-loans.html]
[www.bankofamerica.com/smallbusiness/business-financing/equipment-financing/loans-leasing-compare.html]
[www.bankofamerica.com/content/images/ContextualSiteGraphics/Instructional/en_US/SmallBusiness/business-financing.jpg]
[www.bankofamerica.com/smallbusiness/practice-loans/health-care-loans/dentist-loans.html]
[www.bankofamerica.com/smallbusiness/practice-loans/health-care-loans/veterinary-loans.html]
[www.bankofamerica.com/smallbusiness/practice-loans/health-care-loans/medical-loans.html]
[www.bankofamerica.com/content/images/ContextualSiteGraphics/Instructional/en_US/carousel_5c.png]
[www.bankofamerica.com/smallbusiness/business-financing/learning/5-cs-of-credit.html]
[www.bankofamerica.com/content/images/ContextualSiteGraphics/Instructional/en_US/carousel_lending.png]
[www.bankofamerica.com/content/images/ContextualSiteGraphics/Instructional/en_US/carousel_why_BAC.png]
[www.bankofamerica.com/content/images/ContextualSiteGraphics/Logos/en_US/gfoot-home-icon.png]
[www.bankofamerica.com/smallbusiness/business-financing.html]
[www.bankofamerica.com/content/images/ContextualSiteGraphics/Instructional/en_US/privacy-security-mh.jpg]
[www.bankofamerica.com/content/images/ContextualSiteGraphics/Instructional/en_US/privacy-sprite.png]
[www.bankofamerica.com/promos/mcafeee335.html]
[www.bankofamerica.com/privacy/faq/online-banking-faq.html]
[www.bankofamerica.com/privacy/overview.html]
[www.bankofamerica.com/privacy/faq/bankofamerica.com/content/preload/olb-myaccount-preload-jawr-module.htm]
[www.bankofamerica.com/privacy/faq/online-privacy-faq.html]
[info.bankofamerica.com/auto-loans/index2e80.html]
[promo.bankofamerica.com/onlinepayments1/assets/styles/main.css]
[promo.bankofamerica.com/onlinepayments1/assets/images/boa-header-logo.png]
[promo.bankofamerica.com/onlinepayments1/assets/images/masthead-mobile.jpg]
[promo.bankofamerica.com/onlinepayments1/assets/images/bill_pay_icon.png]
[promo.bankofamerica.com/onlinepayments1/assets/images/videothumb-billpay-mobile.jpg]
[promo.bankofamerica.com/onlinepayments1/assets/images/lock.png]
[promo.bankofamerica.com/onlinepayments1/assets/images/videothumb-billpay.jpg]
[promo.bankofamerica.com/onlinepayments1/assets/images/boa-app-icon.png]
[promo.bankofamerica.com/onlinepayments1/assets/images/img_transfer.gif]
[promo.bankofamerica.com/onlinepayments1/assets/images/videothumb-transfers-mobile.jpg]
[promo.bankofamerica.com/onlinepayments1/assets/images/videothumb-transfers.jpg]
[promo.bankofamerica.com/onlinepayments1/assets/images/boa-footer-logo.png]
[promo.bankofamerica.com/onlinepayments1/assets/images/icon-footer-lock.png]
[promo.bankofamerica.com/onlinepayments1/assets/images/equalhousing.gif]
[promo.bankofamerica.com/onlinepayments1/assets/images/epr104_lp_btn_close_ar16d595_e.gif]
[admin.brightcove.com/js/BrightcoveExperiences.js]
[promo.bankofamerica.com/onlinepayments1/assets/scripts/main.js]
[admin.brightcove.com/js/APIModules_all.js]
[promo.bankofamerica.com/onlinepayments1/indexe472.html]
[about.bankofamerica.com/css/print/print.css]
[about.bankofamerica.com/css/custom-fonts.css]
[promo.bankofamerica.com/onlinepayments1/assets/scripts/vendor/jquery-1.12.4.min.js]
[about.bankofamerica.com/jmvc/flag/navigation/navigation.css]
[about.bankofamerica.com/jmvc/flag/css/noscript.css]
[about.bankofamerica.com/jmvc/mediaviewer/components/modernizr.js]
[about.bankofamerica.com/jmvc/flag/production.3f1.delayed]
[about.bankofamerica.com/assets/production-files/jmvc/flag/css/enterprise.css]
[promo.bankofamerica.com/onlinepayments1/assets/scripts/vendor.js]
[about.bankofamerica.com/assets/production-files/jmvc/flag/production.css]
[about.bankofamerica.com/images/nav_upper_right.png]
[about.bankofamerica.com/images/nav/logo.png]
[about.bankofamerica.com/en-us/partnering-locally/cdfi-list.html]
[about.bankofamerica.com/assets/images/better-money-habits/BMH_Khan_Core_87x87.jpg]
[about.bankofamerica.com/assets/images/disabilities/disabilities-core-tile-87x87.jpg]
[about.bankofamerica.com/assets/images/flagscape_report_center_87x87.jpg]
[about.bankofamerica.com/en-us/partnering-locally/empowering-women-leaders.html]
[about.bankofamerica.com/assets/images/ESG_core_87x87.jpg]
[about.bankofamerica.com/assets/images/student-leaders/SL_CORE_TILE.jpg]
[about.bankofamerica.com/assets/images/common/pl_us.gif]
[about.bankofamerica.com/en-us/partnering-locally/alabama.html]
[about.bankofamerica.com/en-us/partnering-locally/alaska.html]
[about.bankofamerica.com/en-us/partnering-locally/arizona.html]
[about.bankofamerica.com/en-us/partnering-locally/arkansas.html]
[about.bankofamerica.com/en-us/partnering-locally/california.html]
[about.bankofamerica.com/en-us/partnering-locally/colorado.html]
[about.bankofamerica.com/en-us/partnering-locally/connecticut.html]
[about.bankofamerica.com/en-us/partnering-locally/delaware.html]
[about.bankofamerica.com/en-us/partnering-locally/florida.html]
[about.bankofamerica.com/en-us/partnering-locally/georgia.html]
[about.bankofamerica.com/en-us/partnering-locally/hawaii.html]
[about.bankofamerica.com/en-us/partnering-locally/idaho.html]
[about.bankofamerica.com/en-us/partnering-locally/illinois.html]
[about.bankofamerica.com/en-us/partnering-locally/indiana.html]
[about.bankofamerica.com/en-us/partnering-locally/iowa.html]
[about.bankofamerica.com/en-us/partnering-locally/kansas.html]
[about.bankofamerica.com/en-us/partnering-locally/kentucky.html]
[about.bankofamerica.com/en-us/partnering-locally/louisiana.html]
[about.bankofamerica.com/en-us/partnering-locally/maine.html]
[about.bankofamerica.com/en-us/partnering-locally/maryland.html]
[about.bankofamerica.com/en-us/partnering-locally/massachusetts.html]
[about.bankofamerica.com/en-us/partnering-locally/michigan.html]
[about.bankofamerica.com/en-us/partnering-locally/minnesota.415.delayed]
[about.bankofamerica.com/en-us/partnering-locally/minnesota-state.html]
[about.bankofamerica.com/en-us/partnering-locally/mississippi.html]
[about.bankofamerica.com/en-us/partnering-locally/missouri.html]
[about.bankofamerica.com/en-us/partnering-locally/montana.html]
[about.bankofamerica.com/en-us/partnering-locally/nebraska.html]
[about.bankofamerica.com/en-us/partnering-locally/nevada.html]
[about.bankofamerica.com/en-us/partnering-locally/new-hampshire.html]
[about.bankofamerica.com/en-us/partnering-locally/new-jersey.html]
[about.bankofamerica.com/en-us/partnering-locally/new-mexico.html]
[about.bankofamerica.com/en-us/partnering-locally/new-york.html]
[about.bankofamerica.com/en-us/partnering-locally/north-carolina.html]
[about.bankofamerica.com/en-us/partnering-locally/north-dakota.html]
[about.bankofamerica.com/en-us/partnering-locally/ohio.html]
[about.bankofamerica.com/en-us/partnering-locally/oklahoma.html]
[about.bankofamerica.com/en-us/partnering-locally/oregon.html]
[about.bankofamerica.com/en-us/partnering-locally/pennsylvania.html]
[about.bankofamerica.com/en-us/partnering-locally/rhode-island.html]
[about.bankofamerica.com/en-us/partnering-locally/south-carolina.html]
[about.bankofamerica.com/en-us/partnering-locally/south-dakota.html]
[about.bankofamerica.com/en-us/partnering-locally/tennessee.html]
[about.bankofamerica.com/en-us/partnering-locally/texas.html]
[about.bankofamerica.com/en-us/partnering-locally/utah.html]
[about.bankofamerica.com/en-us/partnering-locally/vermont.html]
[about.bankofamerica.com/en-us/partnering-locally/virginia.html]
[about.bankofamerica.com/en-us/partnering-locally/washington.html]
[about.bankofamerica.com/en-us/partnering-locally/west-virginia.html]
[about.bankofamerica.com/en-us/partnering-locally/wisconsin.html]
[about.bankofamerica.com/en-us/partnering-locally/wyoming.html]
[about.bankofamerica.com/en-us/partnering-locally/atlanta-ga.html]
[about.bankofamerica.com/en-us/partnering-locally/baltimore-md.html]
[about.bankofamerica.com/en-us/partnering-locally/boston-ma.html]
[about.bankofamerica.com/en-us/partnering-locally/charlotte-nc.html]
[about.bankofamerica.com/en-us/partnering-locally/chicago-il.html]
[about.bankofamerica.com/en-us/partnering-locally/dallas-tx.html]
[about.bankofamerica.com/en-us/partnering-locally/detroit-mi.html]
[about.bankofamerica.com/en-us/partnering-locally/greater-los-angeles-ca.html]
[about.bankofamerica.com/en-us/partnering-locally/greater-washington-dc.html]
[about.bankofamerica.com/en-us/partnering-locally/houston-tx.html]
[about.bankofamerica.com/en-us/partnering-locally/new-york-ny.html]
[about.bankofamerica.com/en-us/partnering-locally/phoenix-az.html]
[about.bankofamerica.com/en-us/partnering-locally/san-diego-ca.html]
[about.bankofamerica.com/en-us/partnering-locally/san-francisco-bay-area-ca.html]
[about.bankofamerica.com/en-us/partnering-locally/seattle-wa.html]
[about.bankofamerica.com/en-us/partnering-locally/silicon-valley-ca.html]
[about.bankofamerica.com/en-us/partnering-locally/south-florida-fl.html]
[about.bankofamerica.com/assets/images/common/pl_world.gif]
[about.bankofamerica.com/en-us/partnering-locally/asia-pacific.html]
[about.bankofamerica.com/en-us/partnering-locally/europe-middle-east-africa.html]
[about.bankofamerica.com/en-us/partnering-locally/latin-america.html]
[about.bankofamerica.com/en-us/partnering-locally/global-local-support-content.html]
[about.bankofamerica.com/assets/images/common/pl-jn-programs.png]
[about.bankofamerica.com/en-us/partnering-locally/service-members-and-veterans.html]
[about.bankofamerica.com/en-us/partnering-locally/service-members-and-veterans309a.html]
[promo.bankofamerica.com/mobile-banking/index987a.html]
[www.bankofamerica.com/onlinebanking/online-bank-account.html]
[www.bankofamerica.com/online-banking/service-agreement.html]
[www.bankofamerica.com/vanity/bac-interstitial6aa7.html]
[www.bankofamerica.com/accessiblebanking/state-select.html]
[www.bankofamerica.com/privacy/online-mobile-banking-privacy/mcafee-antivirus-free-trial.html]
[www2.bac-assets.com/pa/components/bundles/gzip-compressed/xengine/PBI-HOMEPAGE/2017.03.0/script/pbi-hp-jawr.js]
[www2.bac-assets.com/pa/components/bundles/gzip-compressed/xengine/PBI-WEB/2017.03.0/style/global-mw-jawr.css]
[www2.bac-assets.com/pa/components/bundles/gzip-compressed/xengine/PBI-WEB/2017.03.0/style/pbi-web-mw-jawr.css]
[www2.bac-assets.com/pa/components/bundles/gzip-compressed/xengine/PBI-WEB/2017.03.0/script/global-mw-jawr.js]
[www2.bac-assets.com/pa/components/bundles/gzip-compressed/xengine/Global/1.0/script/tealeafbundle.js]
[www.bankofamerica.com/mobile/mobile-banking-help.html]
[www.bankofamerica.com/online-banking/mobilee335.html]
[www.bankofamerica.com/homepage/overview8ce2.html]
[www.bankofamerica.com/mobile/site-ad-practices.html]
[www2.bac-assets.com/pa/components/bundles/gzip-compressed/xengine/PBI-WEB/2017.03.0/script/pbi-web-mw-jawr.js]
[www.bankofamerica.com/homepage/GET]
[www.bankofamerica.com/homepage/language-not-available4c76.html]
[www.bankofamerica.com/homepage/language-not-available1eeb.html]
[www.bankofamerica.com/homepage/language-not-available719c.html]
[www.bankofamerica.com/homepage/language-not-availabled070.html]
[www.bankofamerica.com/homepage/language-not-available01ae.html]
[www.bankofamerica.com/homepage/language-not-available53cd.html]
[www.bankofamerica.com/homepage/overviewe335.html]
[www.bankofamerica.com/onlinebanking/online-banking-security-faqse6f6.html]
[www.bankofamerica.com/homepage/overviewfff0.html]
[www.bankofamerica.com/homepage/language-not-availableff71.html]
[www.bankofamerica.com/homepage/language-not-available2451.html]
[www.bankofamerica.com/deposits/checking/checking-accounts/es/indexe6f6.html]
[www.bankofamerica.com/deposits/savings/savings-accounts/es/indexe6f6.html]
[www.bankofamerica.com/deposits/bank-cds/cd-accounts/es/indexe6f6.html]
[www.bankofamerica.com/onlinebanking/online-bankinge6f6.html]
